Archive member included to satisfy reference by file (symbol)

/Applications/Marmalade.app/Contents/s3e/edk/lib/android/libedk.a(edk_helpers.o)
                              release/FlyMob_platform.os (s3eEdkThreadRunOnOS)
/Applications/Marmalade.app/Contents/s3e/edk/lib/android/libedk.a(android_edk_marker.o)
                              (libplaceholderplaceholderplaceholderplaceholderplaceholder)

Discarded input sections

 .note.GNU-stack
                0x0000000000000000        0x0 /Users/a.baskakov/android-ndk-r10e/platforms/android-14/arch-arm/usr/lib/crtbegin_so.o
 .group         0x0000000000000000        0x8 release/FlyMob_platform.os
 .group         0x0000000000000000        0x8 release/FlyMob_platform.os
 .group         0x0000000000000000        0x8 release/FlyMob_platform.os
 .note.GNU-stack
                0x0000000000000000        0x0 release/FlyMob_platform.os
 .note.GNU-stack
                0x0000000000000000        0x0 release/FlyMob.os
 .note.GNU-stack
                0x0000000000000000        0x0 release/FlyMob_register.os
 .note.GNU-stack
                0x0000000000000000        0x0 /Applications/Marmalade.app/Contents/s3e/edk/lib/android/libedk.a(edk_helpers.o)
 .note.GNU-stack
                0x0000000000000000        0x0 /Applications/Marmalade.app/Contents/s3e/edk/lib/android/libedk.a(android_edk_marker.o)
 .note.GNU-stack
                0x0000000000000000        0x0 /Users/a.baskakov/android-ndk-r10e/platforms/android-14/arch-arm/usr/lib/crtend_so.o

Memory Configuration

Name             Origin             Length             Attributes
*default*        0x0000000000000000 0xffffffffffffffff

Linker script and memory map

LOAD /Users/a.baskakov/android-ndk-r10e/platforms/android-14/arch-arm/usr/lib/crtbegin_so.o
LOAD release/FlyMob_platform.os
LOAD release/FlyMob.os
LOAD release/FlyMob_register.os
LOAD /Applications/Marmalade.app/Contents/s3e/edk/lib/android/libedk.a
LOAD /Applications/Marmalade.app/Contents/s3e/edk/lib/android/libs3e_android.so
LOAD /Users/a.baskakov/android-ndk-r10e/platforms/android-14/arch-arm/usr/lib/liblog.so
LOAD /Users/a.baskakov/android-ndk-r10e/toolchains/arm-linux-androideabi-4.9/prebuilt/darwin-x86_64/bin/../lib/gcc/arm-linux-androideabi/4.9/libgcc.a
LOAD /Users/a.baskakov/android-ndk-r10e/sources/cxx-stl/gnu-libstdc++/4.9/libs/armeabi/libgnustl_static.a
LOAD /Users/a.baskakov/android-ndk-r10e/platforms/android-14/arch-arm/usr/lib/libstdc++.so
LOAD /Users/a.baskakov/android-ndk-r10e/platforms/android-14/arch-arm/usr/lib/libm.so
LOAD /Users/a.baskakov/android-ndk-r10e/platforms/android-14/arch-arm/usr/lib/libc.so
LOAD /Users/a.baskakov/android-ndk-r10e/toolchains/arm-linux-androideabi-4.9/prebuilt/darwin-x86_64/bin/../lib/gcc/arm-linux-androideabi/4.9/libgcc.a
LOAD /Users/a.baskakov/android-ndk-r10e/platforms/android-14/arch-arm/usr/lib/libc.so
LOAD /Users/a.baskakov/android-ndk-r10e/platforms/android-14/arch-arm/usr/lib/libdl.so
LOAD /Users/a.baskakov/android-ndk-r10e/toolchains/arm-linux-androideabi-4.9/prebuilt/darwin-x86_64/bin/../lib/gcc/arm-linux-androideabi/4.9/libgcc.a
LOAD /Users/a.baskakov/android-ndk-r10e/platforms/android-14/arch-arm/usr/lib/crtend_so.o
                0x00000000000000d4                . = (0x0 + SIZEOF_HEADERS)

.note.gnu.build-id
 *(.note.gnu.build-id)

.hash           0x00000000000000d4       0x9c
 *(.hash)
 .hash          0x00000000000000d4       0x9c /Users/a.baskakov/android-ndk-r10e/platforms/android-14/arch-arm/usr/lib/crtbegin_so.o

.gnu.hash
 *(.gnu.hash)

.dynsym         0x0000000000000170      0x140
 *(.dynsym)
 .dynsym        0x0000000000000170      0x140 /Users/a.baskakov/android-ndk-r10e/platforms/android-14/arch-arm/usr/lib/crtbegin_so.o

.dynstr         0x00000000000002b0      0x14a
 *(.dynstr)
 .dynstr        0x00000000000002b0      0x14a /Users/a.baskakov/android-ndk-r10e/platforms/android-14/arch-arm/usr/lib/crtbegin_so.o

.gnu.version    0x00000000000003fa        0x0
 *(.gnu.version)
 .gnu.version   0x00000000000003fa        0x0 /Users/a.baskakov/android-ndk-r10e/platforms/android-14/arch-arm/usr/lib/crtbegin_so.o

.gnu.version_d  0x00000000000003fc        0x0
 *(.gnu.version_d)
 .gnu.version_d
                0x00000000000003fc        0x0 /Users/a.baskakov/android-ndk-r10e/platforms/android-14/arch-arm/usr/lib/crtbegin_so.o

.gnu.version_r  0x00000000000003fc        0x0
 *(.gnu.version_r)
 .gnu.version_r
                0x00000000000003fc        0x0 /Users/a.baskakov/android-ndk-r10e/platforms/android-14/arch-arm/usr/lib/crtbegin_so.o

.rel.dyn        0x00000000000003fc       0x98
 *(.rel.init)
 *(.rel.text .rel.text.* .rel.gnu.linkonce.t.*)
 *(.rel.fini)
 *(.rel.rodata .rel.rodata.* .rel.gnu.linkonce.r.*)
 *(.rel.data.rel.ro .rel.data.rel.ro.* .rel.gnu.linkonce.d.rel.ro.*)
 *(.rel.data .rel.data.* .rel.gnu.linkonce.d.*)
 *(.rel.tdata .rel.tdata.* .rel.gnu.linkonce.td.*)
 *(.rel.tbss .rel.tbss.* .rel.gnu.linkonce.tb.*)
 *(.rel.ctors)
 *(.rel.dtors)
 *(.rel.got)
 .rel.got       0x00000000000003fc       0x90 /Users/a.baskakov/android-ndk-r10e/platforms/android-14/arch-arm/usr/lib/crtbegin_so.o
 *(.rel.bss .rel.bss.* .rel.gnu.linkonce.b.*)
 *(.rel.iplt)
 .rel.iplt      0x000000000000048c        0x0 /Users/a.baskakov/android-ndk-r10e/platforms/android-14/arch-arm/usr/lib/crtbegin_so.o
 .rel.fini_array
                0x000000000000048c        0x8 /Users/a.baskakov/android-ndk-r10e/platforms/android-14/arch-arm/usr/lib/crtbegin_so.o

.rela.dyn
 *(.rela.init)
 *(.rela.text .rela.text.* .rela.gnu.linkonce.t.*)
 *(.rela.fini)
 *(.rela.rodata .rela.rodata.* .rela.gnu.linkonce.r.*)
 *(.rela.data .rela.data.* .rela.gnu.linkonce.d.*)
 *(.rela.tdata .rela.tdata.* .rela.gnu.linkonce.td.*)
 *(.rela.tbss .rela.tbss.* .rela.gnu.linkonce.tb.*)
 *(.rela.ctors)
 *(.rela.dtors)
 *(.rela.got)
 *(.rela.bss .rela.bss.* .rela.gnu.linkonce.b.*)
 *(.rela.iplt)

.rel.plt        0x0000000000000494       0x40
 *(.rel.plt)
 .rel.plt       0x0000000000000494       0x40 /Users/a.baskakov/android-ndk-r10e/platforms/android-14/arch-arm/usr/lib/crtbegin_so.o

.rela.plt
 *(.rela.plt)

.init
 *(SORT(.init))

.plt            0x00000000000004d4       0x74
 *(.plt)
 .plt           0x00000000000004d4       0x74 /Users/a.baskakov/android-ndk-r10e/platforms/android-14/arch-arm/usr/lib/crtbegin_so.o

.iplt           0x0000000000000548        0x0
 *(.iplt)
 .iplt          0x0000000000000548        0x0 /Users/a.baskakov/android-ndk-r10e/platforms/android-14/arch-arm/usr/lib/crtbegin_so.o

.text           0x0000000000000548     0x115c
 *(.text.unlikely .text.*_unlikely .text.unlikely.*)
 *(.text.exit .text.exit.*)
 .text.exit     0x0000000000000548       0x10 /Users/a.baskakov/android-ndk-r10e/platforms/android-14/arch-arm/usr/lib/crtbegin_so.o
                0x0000000000000548                __on_dlclose
 *(.text.startup .text.startup.*)
 *(.text.hot .text.hot.*)
 *(.text .stub .text.* .gnu.linkonce.t.*)
 .text          0x0000000000000558       0x34 /Users/a.baskakov/android-ndk-r10e/platforms/android-14/arch-arm/usr/lib/crtbegin_so.o
                0x0000000000000558                __atexit_handler_wrapper
                0x000000000000056c                atexit
 .text          0x000000000000058c      0xb14 release/FlyMob_platform.os
                0x0000000000000644                FlyMobInit_platform()
                0x0000000000000ae4                FlyMobTerminate_platform()
                0x0000000000000b40                s3eFlyMobInterstitialInitialize_platform(int)
                0x0000000000000b98                s3eFlyMobInterstitialLoad_platform()
                0x0000000000000be8                s3eFlyMobInterstitialShow_platform()
                0x0000000000000c38                s3eFlyMobInterstitialIsReady_platform()
                0x0000000000000c90                s3eFlyMobRewardedVideoInitialize_platform(int)
                0x0000000000000ce8                s3eFlyMobRewardedVideoLoad_platform()
                0x0000000000000d38                s3eFlyMobRewardedVideoShow_platform()
                0x0000000000000d88                s3eFlyMobRewardedVideoIsReady_platform()
                0x0000000000000de0                s3eFlyMobSDKSetDebugMode_platform(bool)
                0x0000000000000e38                s3eFlyMobSDKIsDebugMode_platform()
                0x0000000000000e90                s3eFlyMobSDKSetCoppa_platform(bool)
                0x0000000000000ee8                s3eFlyMobSDKIsCoppa_platform()
                0x0000000000000f40                s3eFlyMobSDKSetDnt_platform(bool)
                0x0000000000000f98                s3eFlyMobSDKIsDnt_platform()
                0x0000000000000ff0                s3eFlyMobSDKSetTesting_platform(bool)
                0x0000000000001048                s3eFlyMobSDKIsTesting_platform()
 .text._ZN7_JNIEnv9NewObjectEP7_jclassP10_jmethodIDz
                0x00000000000010a0       0x38 release/FlyMob_platform.os
                0x00000000000010a0                _JNIEnv::NewObject(_jclass*, _jmethodID*, ...)
 .text._ZN7_JNIEnv17CallBooleanMethodEP8_jobjectP10_jmethodIDz
                0x00000000000010d8       0x38 release/FlyMob_platform.os
                0x00000000000010d8                _JNIEnv::CallBooleanMethod(_jobject*, _jmethodID*, ...)
 .text._ZN7_JNIEnv14CallVoidMethodEP8_jobjectP10_jmethodIDz
                0x0000000000001110       0x38 release/FlyMob_platform.os
                0x0000000000001110                _JNIEnv::CallVoidMethod(_jobject*, _jmethodID*, ...)
 .text          0x0000000000001148       0x48 release/FlyMob.os
                0x0000000000001148                FlyMobInit()
                0x000000000000114c                FlyMobTerminate()
                0x0000000000001150                s3eFlyMobInterstitialInitialize
                0x0000000000001154                s3eFlyMobInterstitialLoad
                0x0000000000001158                s3eFlyMobInterstitialShow
                0x000000000000115c                s3eFlyMobInterstitialIsReady
                0x0000000000001160                s3eFlyMobRewardedVideoInitialize
                0x0000000000001164                s3eFlyMobRewardedVideoLoad
                0x0000000000001168                s3eFlyMobRewardedVideoShow
                0x000000000000116c                s3eFlyMobRewardedVideoIsReady
                0x0000000000001170                s3eFlyMobSDKSetDebugMode
                0x0000000000001174                s3eFlyMobSDKIsDebugMode
                0x0000000000001178                s3eFlyMobSDKSetCoppa
                0x000000000000117c                s3eFlyMobSDKIsCoppa
                0x0000000000001180                s3eFlyMobSDKSetDnt
                0x0000000000001184                s3eFlyMobSDKIsDnt
                0x0000000000001188                s3eFlyMobSDKSetTesting
                0x000000000000118c                s3eFlyMobSDKIsTesting
 .text          0x0000000000001190      0x480 release/FlyMob_register.os
                0x0000000000001348                FlyMobRegisterExt()
                0x00000000000014ac                RegisterExt
 .text          0x0000000000001610        0x0 /Applications/Marmalade.app/Contents/s3e/edk/lib/android/libedk.a(edk_helpers.o)
 .text.s3eEdkErrorSetString
                0x0000000000001610       0x30 /Applications/Marmalade.app/Contents/s3e/edk/lib/android/libedk.a(edk_helpers.o)
                0x0000000000001610                s3eEdkErrorSetString
 .text.s3eEdkThreadRunOnOS
                0x0000000000001640       0x30 /Applications/Marmalade.app/Contents/s3e/edk/lib/android/libedk.a(edk_helpers.o)
                0x0000000000001640                s3eEdkThreadRunOnOS
 .text.s3eEdkThreadRunOnOSAsync
                0x0000000000001670       0x30 /Applications/Marmalade.app/Contents/s3e/edk/lib/android/libedk.a(edk_helpers.o)
                0x0000000000001670                s3eEdkThreadRunOnOSAsync
 .text          0x00000000000016a0        0x0 /Applications/Marmalade.app/Contents/s3e/edk/lib/android/libedk.a(android_edk_marker.o)
 .text.libplaceholderplaceholderplaceholderplaceholderplaceholder
                0x00000000000016a0        0x4 /Applications/Marmalade.app/Contents/s3e/edk/lib/android/libedk.a(android_edk_marker.o)
                0x00000000000016a0                libplaceholderplaceholderplaceholderplaceholderplaceholder
 .text          0x00000000000016a4        0x0 /Users/a.baskakov/android-ndk-r10e/platforms/android-14/arch-arm/usr/lib/crtend_so.o
 *(.gnu.warning)
 *(.glue_7t)
 .glue_7t       0x00000000000016a4        0x0 linker stubs
 *(.glue_7)
 .glue_7        0x00000000000016a4        0x0 linker stubs
 *(.vfp11_veneer)
 .vfp11_veneer  0x00000000000016a4        0x0 linker stubs
 *(.v4_bx)
 .v4_bx         0x00000000000016a4        0x0 linker stubs

.fini
 *(SORT(.fini))
                0x00000000000016a4                PROVIDE (__etext, .)
                0x00000000000016a4                PROVIDE (_etext, .)
                0x00000000000016a4                PROVIDE (etext, .)

.rodata         0x00000000000016a4      0x1d8
 *(.rodata .rodata.* .gnu.linkonce.r.*)
 .rodata.str1.4
                0x00000000000016a4      0x1d8 release/FlyMob_platform.os
 .rodata.str1.4
                0x000000000000187c        0x8 release/FlyMob_register.os

.rodata1
 *(.rodata1)

.ARM.extab
 *(.ARM.extab* .gnu.linkonce.armextab.*)
                0x0000000000001884                PROVIDE (__exidx_start, .)

.ARM.exidx
 *(.ARM.exidx* .gnu.linkonce.armexidx.*)
                0x0000000000001884                PROVIDE (__exidx_end, .)

.eh_frame_hdr   0x000000000000187c        0x0
 *(.eh_frame_hdr)
 .eh_frame_hdr  0x000000000000187c        0x0 /Users/a.baskakov/android-ndk-r10e/platforms/android-14/arch-arm/usr/lib/crtend_so.o

.eh_frame
 *(.eh_frame)

.gcc_except_table
 *(.gcc_except_table .gcc_except_table.*)

.exception_ranges
 *(.exception_ranges .exception_ranges*)
                0x0000000000010000                . = ALIGN (0x10000)
                0x0000000000010e88                . = DATA_SEGMENT_ALIGN (0x10000, 0x1000)

.eh_frame
 *(.eh_frame)

.gcc_except_table
 *(.gcc_except_table .gcc_except_table.*)

.exception_ranges
 *(.exception_ranges .exception_ranges*)

.tdata
 *(.tdata .tdata.* .gnu.linkonce.td.*)

.tbss
 *(.tbss .tbss.* .gnu.linkonce.tb.*)
 *(.tcommon)
                0x0000000000010e88                . = ALIGN (0x4)

.preinit_array
 *(.preinit_array)

.init_array     0x0000000000010e88        0x4
 *crtbegin*.o(.init_array)
 *(SORT(.init_array.*) SORT(.ctors.*))
 *(.init_array EXCLUDE_FILE(*crtend*.o *crtend.o *crtbegin*.o *crtbegin.o) .ctors)
 .init_array    0x0000000000010e88        0x4 /Users/a.baskakov/android-ndk-r10e/platforms/android-14/arch-arm/usr/lib/crtend_so.o

.fini_array     0x0000000000010e8c        0x8
 *crtbegin*.o(.fini_array)
 .fini_array    0x0000000000010e8c        0x4 /Users/a.baskakov/android-ndk-r10e/platforms/android-14/arch-arm/usr/lib/crtbegin_so.o
 *(SORT(.fini_array.*) SORT(.dtors.*))
 *(.fini_array EXCLUDE_FILE(*crtend*.o *crtend.o *crtbegin*.o *crtbegin.o) .dtors)
 .fini_array    0x0000000000010e90        0x4 /Users/a.baskakov/android-ndk-r10e/platforms/android-14/arch-arm/usr/lib/crtend_so.o

.ctors
 *crtbegin.o(.ctors)
 *crtbegin*.o(.ctors)
 *(EXCLUDE_FILE(*crtend*.o *crtend.o) .ctors)
 *(SORT(.ctors.*))
 *(.ctors)

.dtors
 *crtbegin.o(.dtors)
 *crtbegin*.o(.dtors)
 *(EXCLUDE_FILE(*crtend*.o *crtend.o) .dtors)
 *(SORT(.dtors.*))
 *(.dtors)

.jcr
 *(.jcr)

.data.rel.ro
 *(.data.rel.ro.local* .gnu.linkonce.d.rel.ro.local.*)
 *(.data.rel.ro .data.rel.ro.* .gnu.linkonce.d.rel.ro.*)

.dynamic        0x0000000000010e94       0xf8
 *(.dynamic)
 .dynamic       0x0000000000010e94       0xf8 /Users/a.baskakov/android-ndk-r10e/platforms/android-14/arch-arm/usr/lib/crtbegin_so.o
                0x0000000000010e94                _DYNAMIC

.got            0x0000000000010f8c       0x74
 *(.got.plt)
 .got.plt       0x0000000000010f8c       0x2c /Users/a.baskakov/android-ndk-r10e/platforms/android-14/arch-arm/usr/lib/crtbegin_so.o
                0x0000000000010f8c                _GLOBAL_OFFSET_TABLE_
 *(.igot.plt)
 .igot.plt      0x0000000000010fb8        0x0 /Users/a.baskakov/android-ndk-r10e/platforms/android-14/arch-arm/usr/lib/crtbegin_so.o
 *(.got)
 .got           0x0000000000010fb8       0x48 /Users/a.baskakov/android-ndk-r10e/platforms/android-14/arch-arm/usr/lib/crtbegin_so.o
 *(.igot)
                0x0000000000011000                . = DATA_SEGMENT_RELRO_END (., 0x0)

.data           0x0000000000011000        0x4
                0x0000000000011000                PROVIDE (__data_start, .)
 *(.data .data.* .gnu.linkonce.d.*)
 .data          0x0000000000011000        0x4 /Users/a.baskakov/android-ndk-r10e/platforms/android-14/arch-arm/usr/lib/crtbegin_so.o
                0x0000000000011000                __dso_handle
 .data          0x0000000000011004        0x0 release/FlyMob_platform.os
 .data          0x0000000000011004        0x0 release/FlyMob.os
 .data          0x0000000000011004        0x0 release/FlyMob_register.os
 .data          0x0000000000011004        0x0 /Applications/Marmalade.app/Contents/s3e/edk/lib/android/libedk.a(edk_helpers.o)
 .data          0x0000000000011004        0x0 /Applications/Marmalade.app/Contents/s3e/edk/lib/android/libedk.a(android_edk_marker.o)
 .data          0x0000000000011004        0x0 /Users/a.baskakov/android-ndk-r10e/platforms/android-14/arch-arm/usr/lib/crtend_so.o

.data1
 *(.data1)
                0x0000000000011004                _edata = .
                0x0000000000011004                PROVIDE (edata, .)
                0x0000000000011004                . = .
                0x0000000000011004                __bss_start = .
                0x0000000000011004                __bss_start__ = .

.bss            0x0000000000011004       0x44
 *(.dynbss)
 .dynbss        0x0000000000011004        0x0 /Users/a.baskakov/android-ndk-r10e/platforms/android-14/arch-arm/usr/lib/crtbegin_so.o
 *(.bss .bss.* .gnu.linkonce.b.*)
 .bss           0x0000000000011004        0x0 /Users/a.baskakov/android-ndk-r10e/platforms/android-14/arch-arm/usr/lib/crtbegin_so.o
 .bss           0x0000000000011004       0x44 release/FlyMob_platform.os
 .bss           0x0000000000011048        0x0 release/FlyMob.os
 .bss           0x0000000000011048        0x0 release/FlyMob_register.os
 .bss           0x0000000000011048        0x0 /Applications/Marmalade.app/Contents/s3e/edk/lib/android/libedk.a(edk_helpers.o)
 .bss           0x0000000000011048        0x0 /Applications/Marmalade.app/Contents/s3e/edk/lib/android/libedk.a(android_edk_marker.o)
 .bss           0x0000000000011048        0x0 /Users/a.baskakov/android-ndk-r10e/platforms/android-14/arch-arm/usr/lib/crtend_so.o
 *(COMMON)
                0x0000000000011048                . = ALIGN (0x4)
                0x0000000000011048                _bss_end__ = .
                0x0000000000011048                __bss_end__ = .
                0x0000000000011048                . = ALIGN (0x4)
                0x0000000000011048                . = SEGMENT_START ("ldata-segment", .)
                0x0000000000011048                . = ALIGN (0x4)
                0x0000000000011048                __end__ = .
                0x0000000000011048                _end = .
                0x0000000000011048                _bss_end__ = .
                0x0000000000011048                __bss_end__ = .
                0x0000000000011048                __end__ = .
                0x0000000000011048                PROVIDE (end, .)
                0x0000000000011048                . = DATA_SEGMENT_END (.)

.stab
 *(.stab)

.stabstr
 *(.stabstr)

.stab.excl
 *(.stab.excl)

.stab.exclstr
 *(.stab.exclstr)

.stab.index
 *(.stab.index)

.stab.indexstr
 *(.stab.indexstr)

.comment        0x0000000000000000       0x34
 *(.comment)
 .comment       0x0000000000000000        0xf /Users/a.baskakov/android-ndk-r10e/platforms/android-14/arch-arm/usr/lib/crtbegin_so.o
                                         0x10 (size before relaxing)
 .comment       0x000000000000000f       0x25 release/FlyMob_platform.os
                                         0x26 (size before relaxing)
 .comment       0x0000000000000034       0x26 release/FlyMob.os
 .comment       0x0000000000000034       0x26 release/FlyMob_register.os
 .comment       0x0000000000000034       0x26 /Applications/Marmalade.app/Contents/s3e/edk/lib/android/libedk.a(edk_helpers.o)
 .comment       0x0000000000000034       0x26 /Applications/Marmalade.app/Contents/s3e/edk/lib/android/libedk.a(android_edk_marker.o)

.ARM.attributes
                0x0000000000000000       0x2d
 .ARM.attributes
                0x0000000000000000       0x2b /Users/a.baskakov/android-ndk-r10e/platforms/android-14/arch-arm/usr/lib/crtbegin_so.o
 .ARM.attributes
                0x000000000000002b       0x2f release/FlyMob_platform.os
 .ARM.attributes
                0x000000000000005a       0x2f release/FlyMob.os
 .ARM.attributes
                0x0000000000000089       0x2f release/FlyMob_register.os
 .ARM.attributes
                0x00000000000000b8       0x2f /Applications/Marmalade.app/Contents/s3e/edk/lib/android/libedk.a(edk_helpers.o)
 .ARM.attributes
                0x00000000000000e7       0x2f /Applications/Marmalade.app/Contents/s3e/edk/lib/android/libedk.a(android_edk_marker.o)
 .ARM.attributes
                0x0000000000000116       0x1d /Users/a.baskakov/android-ndk-r10e/platforms/android-14/arch-arm/usr/lib/crtend_so.o

.debug
 *(.debug)

.line
 *(.line)

.debug_srcinfo
 *(.debug_srcinfo)

.debug_sfnames
 *(.debug_sfnames)

.debug_aranges  0x0000000000000000       0x78
 *(.debug_aranges)
 .debug_aranges
                0x0000000000000000       0x38 release/FlyMob_platform.os
 .debug_aranges
                0x0000000000000038       0x20 release/FlyMob.os
 .debug_aranges
                0x0000000000000058       0x20 release/FlyMob_register.os

.debug_pubnames
 *(.debug_pubnames)

.debug_info     0x0000000000000000     0x7895
 *(.debug_info .gnu.linkonce.wi.*)
 .debug_info    0x0000000000000000     0x6ea2 release/FlyMob_platform.os
 .debug_info    0x0000000000006ea2      0x474 release/FlyMob.os
 .debug_info    0x0000000000007316      0x57f release/FlyMob_register.os

.debug_abbrev   0x0000000000000000      0x705
 *(.debug_abbrev)
 .debug_abbrev  0x0000000000000000      0x423 release/FlyMob_platform.os
 .debug_abbrev  0x0000000000000423      0x131 release/FlyMob.os
 .debug_abbrev  0x0000000000000554      0x1b1 release/FlyMob_register.os

.debug_line     0x0000000000000000      0x83d
 *(.debug_line .debug_line.* .debug_line_end)
 .debug_line    0x0000000000000000      0x535 release/FlyMob_platform.os
 .debug_line    0x0000000000000535      0x123 release/FlyMob.os
 .debug_line    0x0000000000000658      0x1e5 release/FlyMob_register.os

.debug_frame    0x0000000000000000      0x5bc
 *(.debug_frame)
 .debug_frame   0x0000000000000000      0x2ec release/FlyMob_platform.os
 .debug_frame   0x00000000000002ec      0x130 release/FlyMob.os
 .debug_frame   0x000000000000041c      0x1a0 release/FlyMob_register.os

.debug_str      0x0000000000000000     0x5243
 *(.debug_str)
 .debug_str     0x0000000000000000     0x4f13 release/FlyMob_platform.os
                                       0x5096 (size before relaxing)
 .debug_str     0x0000000000004f13       0x8a release/FlyMob.os
                                        0x91b (size before relaxing)
 .debug_str     0x0000000000004f9d      0x2a6 release/FlyMob_register.os
                                        0x541 (size before relaxing)

.debug_loc      0x0000000000000000      0xbc6
 *(.debug_loc)
 .debug_loc     0x0000000000000000      0xa24 release/FlyMob_platform.os
 .debug_loc     0x0000000000000a24       0xc6 release/FlyMob.os
 .debug_loc     0x0000000000000aea       0xdc release/FlyMob_register.os

.debug_macinfo
 *(.debug_macinfo)

.debug_weaknames
 *(.debug_weaknames)

.debug_funcnames
 *(.debug_funcnames)

.debug_typenames
 *(.debug_typenames)

.debug_varnames
 *(.debug_varnames)

.debug_pubtypes
 *(.debug_pubtypes)

.debug_ranges   0x0000000000000000      0x170
 *(.debug_ranges)
 .debug_ranges  0x0000000000000000      0x140 release/FlyMob_platform.os
 .debug_ranges  0x0000000000000140       0x30 release/FlyMob_register.os

.debug_macro
 *(.debug_macro)

.gnu.attributes
 *(.gnu.attributes)

.note.gnu.arm.ident
 *(.note.gnu.arm.ident)

/DISCARD/
 *(.note.GNU-stack)
 *(.gnu_debuglink)
 *(.gnu.lto_*)
 *(.mdebug.*)
OUTPUT(/Users/a.baskakov/Documents/Marmalade-Extension/lib/android/libFlyMob.so elf32-littlearm)
