Archive member included to satisfy reference by file (symbol)

/Applications/Marmalade.app/Contents/s3e/edk/lib/android/libedk.a(IwDebug.o)
                              debug/FlyMob_platform.os (IwDebugTraceIsChannelOn)
/Applications/Marmalade.app/Contents/s3e/edk/lib/android/libedk.a(edk_helpers.o)
                              debug/FlyMob_platform.os (s3eEdkThreadRunOnOS)
/Applications/Marmalade.app/Contents/s3e/edk/lib/android/libedk.a(android_edk_marker.o)
                              (libplaceholderplaceholderplaceholderplaceholderplaceholder)
/Users/a.baskakov/android-ndk-r10e/toolchains/arm-linux-androideabi-4.9/prebuilt/darwin-x86_64/bin/../lib/gcc/arm-linux-androideabi/4.9/libgcc.a(_aeabi_ldivmod.o)
                              /Applications/Marmalade.app/Contents/s3e/edk/lib/android/libedk.a(IwDebug.o) (__aeabi_ldivmod)
/Users/a.baskakov/android-ndk-r10e/toolchains/arm-linux-androideabi-4.9/prebuilt/darwin-x86_64/bin/../lib/gcc/arm-linux-androideabi/4.9/libgcc.a(_dvmd_lnx.o)
                              /Users/a.baskakov/android-ndk-r10e/toolchains/arm-linux-androideabi-4.9/prebuilt/darwin-x86_64/bin/../lib/gcc/arm-linux-androideabi/4.9/libgcc.a(_aeabi_ldivmod.o) (__aeabi_ldiv0)
/Users/a.baskakov/android-ndk-r10e/toolchains/arm-linux-androideabi-4.9/prebuilt/darwin-x86_64/bin/../lib/gcc/arm-linux-androideabi/4.9/libgcc.a(bpabi.o)
                              /Users/a.baskakov/android-ndk-r10e/toolchains/arm-linux-androideabi-4.9/prebuilt/darwin-x86_64/bin/../lib/gcc/arm-linux-androideabi/4.9/libgcc.a(_aeabi_ldivmod.o) (__gnu_ldivmod_helper)
/Users/a.baskakov/android-ndk-r10e/toolchains/arm-linux-androideabi-4.9/prebuilt/darwin-x86_64/bin/../lib/gcc/arm-linux-androideabi/4.9/libgcc.a(unwind-arm.o)
                              /Users/a.baskakov/android-ndk-r10e/toolchains/arm-linux-androideabi-4.9/prebuilt/darwin-x86_64/bin/../lib/gcc/arm-linux-androideabi/4.9/libgcc.a(bpabi.o) (__aeabi_unwind_cpp_pr0)
/Users/a.baskakov/android-ndk-r10e/toolchains/arm-linux-androideabi-4.9/prebuilt/darwin-x86_64/bin/../lib/gcc/arm-linux-androideabi/4.9/libgcc.a(libunwind.o)
                              /Users/a.baskakov/android-ndk-r10e/toolchains/arm-linux-androideabi-4.9/prebuilt/darwin-x86_64/bin/../lib/gcc/arm-linux-androideabi/4.9/libgcc.a(unwind-arm.o) (restore_core_regs)
/Users/a.baskakov/android-ndk-r10e/toolchains/arm-linux-androideabi-4.9/prebuilt/darwin-x86_64/bin/../lib/gcc/arm-linux-androideabi/4.9/libgcc.a(pr-support.o)
                              /Users/a.baskakov/android-ndk-r10e/toolchains/arm-linux-androideabi-4.9/prebuilt/darwin-x86_64/bin/../lib/gcc/arm-linux-androideabi/4.9/libgcc.a(unwind-arm.o) (__gnu_unwind_execute)
/Users/a.baskakov/android-ndk-r10e/toolchains/arm-linux-androideabi-4.9/prebuilt/darwin-x86_64/bin/../lib/gcc/arm-linux-androideabi/4.9/libgcc.a(_divdi3.o)
                              /Users/a.baskakov/android-ndk-r10e/toolchains/arm-linux-androideabi-4.9/prebuilt/darwin-x86_64/bin/../lib/gcc/arm-linux-androideabi/4.9/libgcc.a(bpabi.o) (__divdi3)
/Users/a.baskakov/android-ndk-r10e/toolchains/arm-linux-androideabi-4.9/prebuilt/darwin-x86_64/bin/../lib/gcc/arm-linux-androideabi/4.9/libgcc.a(_udivdi3.o)
                              /Users/a.baskakov/android-ndk-r10e/toolchains/arm-linux-androideabi-4.9/prebuilt/darwin-x86_64/bin/../lib/gcc/arm-linux-androideabi/4.9/libgcc.a(bpabi.o) (__udivdi3)
/Users/a.baskakov/android-ndk-r10e/toolchains/arm-linux-androideabi-4.9/prebuilt/darwin-x86_64/bin/../lib/gcc/arm-linux-androideabi/4.9/libgcc.a(_lshrdi3.o)
                              /Users/a.baskakov/android-ndk-r10e/toolchains/arm-linux-androideabi-4.9/prebuilt/darwin-x86_64/bin/../lib/gcc/arm-linux-androideabi/4.9/libgcc.a(_divdi3.o) (__aeabi_llsr)
/Users/a.baskakov/android-ndk-r10e/toolchains/arm-linux-androideabi-4.9/prebuilt/darwin-x86_64/bin/../lib/gcc/arm-linux-androideabi/4.9/libgcc.a(_ashldi3.o)
                              /Users/a.baskakov/android-ndk-r10e/toolchains/arm-linux-androideabi-4.9/prebuilt/darwin-x86_64/bin/../lib/gcc/arm-linux-androideabi/4.9/libgcc.a(_divdi3.o) (__aeabi_llsl)

Discarded input sections

 .note.GNU-stack
                0x0000000000000000        0x0 /Users/a.baskakov/android-ndk-r10e/platforms/android-14/arch-arm/usr/lib/crtbegin_so.o
 .group         0x0000000000000000        0x8 debug/FlyMob_platform.os
 .group         0x0000000000000000        0x8 debug/FlyMob_platform.os
 .group         0x0000000000000000        0x8 debug/FlyMob_platform.os
 .group         0x0000000000000000        0x8 debug/FlyMob_platform.os
 .group         0x0000000000000000        0x8 debug/FlyMob_platform.os
 .group         0x0000000000000000        0x8 debug/FlyMob_platform.os
 .group         0x0000000000000000        0x8 debug/FlyMob_platform.os
 .group         0x0000000000000000        0x8 debug/FlyMob_platform.os
 .group         0x0000000000000000        0x8 debug/FlyMob_platform.os
 .group         0x0000000000000000        0x8 debug/FlyMob_platform.os
 .group         0x0000000000000000        0x8 debug/FlyMob_platform.os
 .group         0x0000000000000000        0x8 debug/FlyMob_platform.os
 .note.GNU-stack
                0x0000000000000000        0x0 debug/FlyMob_platform.os
 .note.GNU-stack
                0x0000000000000000        0x0 debug/FlyMob.os
 .note.GNU-stack
                0x0000000000000000        0x0 debug/FlyMob_register.os
 .note.GNU-stack
                0x0000000000000000        0x0 /Applications/Marmalade.app/Contents/s3e/edk/lib/android/libedk.a(IwDebug.o)
 .note.GNU-stack
                0x0000000000000000        0x0 /Applications/Marmalade.app/Contents/s3e/edk/lib/android/libedk.a(edk_helpers.o)
 .note.GNU-stack
                0x0000000000000000        0x0 /Applications/Marmalade.app/Contents/s3e/edk/lib/android/libedk.a(android_edk_marker.o)
 .note.GNU-stack
                0x0000000000000000        0x0 /Users/a.baskakov/android-ndk-r10e/toolchains/arm-linux-androideabi-4.9/prebuilt/darwin-x86_64/bin/../lib/gcc/arm-linux-androideabi/4.9/libgcc.a(_aeabi_ldivmod.o)
 .note.GNU-stack
                0x0000000000000000        0x0 /Users/a.baskakov/android-ndk-r10e/toolchains/arm-linux-androideabi-4.9/prebuilt/darwin-x86_64/bin/../lib/gcc/arm-linux-androideabi/4.9/libgcc.a(_dvmd_lnx.o)
 .note.GNU-stack
                0x0000000000000000        0x0 /Users/a.baskakov/android-ndk-r10e/toolchains/arm-linux-androideabi-4.9/prebuilt/darwin-x86_64/bin/../lib/gcc/arm-linux-androideabi/4.9/libgcc.a(bpabi.o)
 .note.GNU-stack
                0x0000000000000000        0x0 /Users/a.baskakov/android-ndk-r10e/toolchains/arm-linux-androideabi-4.9/prebuilt/darwin-x86_64/bin/../lib/gcc/arm-linux-androideabi/4.9/libgcc.a(unwind-arm.o)
 .note.GNU-stack
                0x0000000000000000        0x0 /Users/a.baskakov/android-ndk-r10e/toolchains/arm-linux-androideabi-4.9/prebuilt/darwin-x86_64/bin/../lib/gcc/arm-linux-androideabi/4.9/libgcc.a(libunwind.o)
 .note.GNU-stack
                0x0000000000000000        0x0 /Users/a.baskakov/android-ndk-r10e/toolchains/arm-linux-androideabi-4.9/prebuilt/darwin-x86_64/bin/../lib/gcc/arm-linux-androideabi/4.9/libgcc.a(pr-support.o)
 .note.GNU-stack
                0x0000000000000000        0x0 /Users/a.baskakov/android-ndk-r10e/toolchains/arm-linux-androideabi-4.9/prebuilt/darwin-x86_64/bin/../lib/gcc/arm-linux-androideabi/4.9/libgcc.a(_divdi3.o)
 .note.GNU-stack
                0x0000000000000000        0x0 /Users/a.baskakov/android-ndk-r10e/toolchains/arm-linux-androideabi-4.9/prebuilt/darwin-x86_64/bin/../lib/gcc/arm-linux-androideabi/4.9/libgcc.a(_udivdi3.o)
 .note.GNU-stack
                0x0000000000000000        0x0 /Users/a.baskakov/android-ndk-r10e/toolchains/arm-linux-androideabi-4.9/prebuilt/darwin-x86_64/bin/../lib/gcc/arm-linux-androideabi/4.9/libgcc.a(_lshrdi3.o)
 .note.GNU-stack
                0x0000000000000000        0x0 /Users/a.baskakov/android-ndk-r10e/toolchains/arm-linux-androideabi-4.9/prebuilt/darwin-x86_64/bin/../lib/gcc/arm-linux-androideabi/4.9/libgcc.a(_ashldi3.o)
 .note.GNU-stack
                0x0000000000000000        0x0 /Users/a.baskakov/android-ndk-r10e/platforms/android-14/arch-arm/usr/lib/crtend_so.o

Memory Configuration

Name             Origin             Length             Attributes
*default*        0x0000000000000000 0xffffffffffffffff

Linker script and memory map

LOAD /Users/a.baskakov/android-ndk-r10e/platforms/android-14/arch-arm/usr/lib/crtbegin_so.o
LOAD debug/FlyMob_platform.os
LOAD debug/FlyMob.os
LOAD debug/FlyMob_register.os
LOAD /Applications/Marmalade.app/Contents/s3e/edk/lib/android/libedk.a
LOAD /Applications/Marmalade.app/Contents/s3e/edk/lib/android/libs3e_android.so
LOAD /Users/a.baskakov/android-ndk-r10e/platforms/android-14/arch-arm/usr/lib/liblog.so
LOAD /Users/a.baskakov/android-ndk-r10e/toolchains/arm-linux-androideabi-4.9/prebuilt/darwin-x86_64/bin/../lib/gcc/arm-linux-androideabi/4.9/libgcc.a
LOAD /Users/a.baskakov/android-ndk-r10e/sources/cxx-stl/gnu-libstdc++/4.9/libs/armeabi/libgnustl_static.a
LOAD /Users/a.baskakov/android-ndk-r10e/platforms/android-14/arch-arm/usr/lib/libstdc++.so
LOAD /Users/a.baskakov/android-ndk-r10e/platforms/android-14/arch-arm/usr/lib/libm.so
LOAD /Users/a.baskakov/android-ndk-r10e/platforms/android-14/arch-arm/usr/lib/libc.so
LOAD /Users/a.baskakov/android-ndk-r10e/toolchains/arm-linux-androideabi-4.9/prebuilt/darwin-x86_64/bin/../lib/gcc/arm-linux-androideabi/4.9/libgcc.a
LOAD /Users/a.baskakov/android-ndk-r10e/platforms/android-14/arch-arm/usr/lib/libc.so
LOAD /Users/a.baskakov/android-ndk-r10e/platforms/android-14/arch-arm/usr/lib/libdl.so
LOAD /Users/a.baskakov/android-ndk-r10e/toolchains/arm-linux-androideabi-4.9/prebuilt/darwin-x86_64/bin/../lib/gcc/arm-linux-androideabi/4.9/libgcc.a
LOAD /Users/a.baskakov/android-ndk-r10e/platforms/android-14/arch-arm/usr/lib/crtend_so.o
                0x00000000000000f4                . = (0x0 + SIZEOF_HEADERS)

.note.gnu.build-id
 *(.note.gnu.build-id)

.hash           0x00000000000000f4      0x294
 *(.hash)
 .hash          0x00000000000000f4      0x294 /Users/a.baskakov/android-ndk-r10e/platforms/android-14/arch-arm/usr/lib/crtbegin_so.o

.gnu.hash
 *(.gnu.hash)

.dynsym         0x0000000000000388      0x600
 *(.dynsym)
 .dynsym        0x0000000000000388      0x600 /Users/a.baskakov/android-ndk-r10e/platforms/android-14/arch-arm/usr/lib/crtbegin_so.o

.dynstr         0x0000000000000988      0x64f
 *(.dynstr)
 .dynstr        0x0000000000000988      0x64f /Users/a.baskakov/android-ndk-r10e/platforms/android-14/arch-arm/usr/lib/crtbegin_so.o

.gnu.version    0x0000000000000fd8        0x0
 *(.gnu.version)
 .gnu.version   0x0000000000000fd8        0x0 /Users/a.baskakov/android-ndk-r10e/platforms/android-14/arch-arm/usr/lib/crtbegin_so.o

.gnu.version_d  0x0000000000000fd8        0x0
 *(.gnu.version_d)
 .gnu.version_d
                0x0000000000000fd8        0x0 /Users/a.baskakov/android-ndk-r10e/platforms/android-14/arch-arm/usr/lib/crtbegin_so.o

.gnu.version_r  0x0000000000000fd8        0x0
 *(.gnu.version_r)
 .gnu.version_r
                0x0000000000000fd8        0x0 /Users/a.baskakov/android-ndk-r10e/platforms/android-14/arch-arm/usr/lib/crtbegin_so.o

.rel.dyn        0x0000000000000fd8       0xd8
 *(.rel.init)
 *(.rel.text .rel.text.* .rel.gnu.linkonce.t.*)
 *(.rel.fini)
 *(.rel.rodata .rel.rodata.* .rel.gnu.linkonce.r.*)
 *(.rel.data.rel.ro .rel.data.rel.ro.* .rel.gnu.linkonce.d.rel.ro.*)
 *(.rel.data .rel.data.* .rel.gnu.linkonce.d.*)
 *(.rel.tdata .rel.tdata.* .rel.gnu.linkonce.td.*)
 *(.rel.tbss .rel.tbss.* .rel.gnu.linkonce.tb.*)
 *(.rel.ctors)
 *(.rel.dtors)
 *(.rel.got)
 .rel.got       0x0000000000000fd8       0xc8 /Users/a.baskakov/android-ndk-r10e/platforms/android-14/arch-arm/usr/lib/crtbegin_so.o
 *(.rel.bss .rel.bss.* .rel.gnu.linkonce.b.*)
 *(.rel.iplt)
 .rel.iplt      0x00000000000010a0        0x0 /Users/a.baskakov/android-ndk-r10e/platforms/android-14/arch-arm/usr/lib/crtbegin_so.o
 .rel.fini_array
                0x00000000000010a0        0x8 /Users/a.baskakov/android-ndk-r10e/platforms/android-14/arch-arm/usr/lib/crtbegin_so.o
 .rel.init_array
                0x00000000000010a8        0x8 /Users/a.baskakov/android-ndk-r10e/platforms/android-14/arch-arm/usr/lib/crtbegin_so.o

.rela.dyn
 *(.rela.init)
 *(.rela.text .rela.text.* .rela.gnu.linkonce.t.*)
 *(.rela.fini)
 *(.rela.rodata .rela.rodata.* .rela.gnu.linkonce.r.*)
 *(.rela.data .rela.data.* .rela.gnu.linkonce.d.*)
 *(.rela.tdata .rela.tdata.* .rela.gnu.linkonce.td.*)
 *(.rela.tbss .rela.tbss.* .rela.gnu.linkonce.tb.*)
 *(.rela.ctors)
 *(.rela.dtors)
 *(.rela.got)
 *(.rela.bss .rela.bss.* .rela.gnu.linkonce.b.*)
 *(.rela.iplt)

.rel.plt        0x00000000000010b0       0xf0
 *(.rel.plt)
 .rel.plt       0x00000000000010b0       0xf0 /Users/a.baskakov/android-ndk-r10e/platforms/android-14/arch-arm/usr/lib/crtbegin_so.o

.rela.plt
 *(.rela.plt)

.init
 *(SORT(.init))

.plt            0x00000000000011a0      0x17c
 *(.plt)
 .plt           0x00000000000011a0      0x17c /Users/a.baskakov/android-ndk-r10e/platforms/android-14/arch-arm/usr/lib/crtbegin_so.o

.iplt           0x000000000000131c        0x0
 *(.iplt)
 .iplt          0x000000000000131c        0x0 /Users/a.baskakov/android-ndk-r10e/platforms/android-14/arch-arm/usr/lib/crtbegin_so.o

.text           0x000000000000131c     0x48f0
 *(.text.unlikely .text.*_unlikely .text.unlikely.*)
 *(.text.exit .text.exit.*)
 .text.exit     0x000000000000131c       0x10 /Users/a.baskakov/android-ndk-r10e/platforms/android-14/arch-arm/usr/lib/crtbegin_so.o
                0x000000000000131c                __on_dlclose
 *(.text.startup .text.startup.*)
 .text.startup._GLOBAL__sub_I_IwDebug.cpp
                0x000000000000132c       0x78 /Applications/Marmalade.app/Contents/s3e/edk/lib/android/libedk.a(IwDebug.o)
 *(.text.hot .text.hot.*)
 *(.text .stub .text.* .gnu.linkonce.t.*)
 .text          0x00000000000013a4       0x34 /Users/a.baskakov/android-ndk-r10e/platforms/android-14/arch-arm/usr/lib/crtbegin_so.o
                0x00000000000013a4                __atexit_handler_wrapper
                0x00000000000013b8                atexit
 .text          0x00000000000013d8      0xdf0 debug/FlyMob_platform.os
                0x00000000000014e0                FlyMobInit_platform()
                0x0000000000001c50                FlyMobTerminate_platform()
                0x0000000000001c98                s3eFlyMobInterstitialInitialize_platform(int)
                0x0000000000001ce8                s3eFlyMobInterstitialLoad_platform()
                0x0000000000001d30                s3eFlyMobInterstitialShow_platform()
                0x0000000000001d78                s3eFlyMobInterstitialIsReady_platform()
                0x0000000000001dd8                s3eFlyMobRewardedVideoInitialize_platform(int)
                0x0000000000001e28                s3eFlyMobRewardedVideoLoad_platform()
                0x0000000000001e70                s3eFlyMobRewardedVideoShow_platform()
                0x0000000000001eb8                s3eFlyMobRewardedVideoIsReady_platform()
                0x0000000000001f18                s3eFlyMobSDKSetDebugMode_platform(bool)
                0x0000000000001f64                s3eFlyMobSDKIsDebugMode_platform()
                0x0000000000001fc4                s3eFlyMobSDKSetCoppa_platform(bool)
                0x0000000000002010                s3eFlyMobSDKIsCoppa_platform()
                0x0000000000002070                s3eFlyMobSDKSetDnt_platform(bool)
                0x00000000000020bc                s3eFlyMobSDKIsDnt_platform()
                0x000000000000211c                s3eFlyMobSDKSetTesting_platform(bool)
                0x0000000000002168                s3eFlyMobSDKIsTesting_platform()
 .text._ZN7_JNIEnv9FindClassEPKc
                0x00000000000021c8       0x3c debug/FlyMob_platform.os
                0x00000000000021c8                _JNIEnv::FindClass(char const*)
 .text._ZN7_JNIEnv17ExceptionOccurredEv
                0x0000000000002204       0x34 debug/FlyMob_platform.os
                0x0000000000002204                _JNIEnv::ExceptionOccurred()
 .text._ZN7_JNIEnv17ExceptionDescribeEv
                0x0000000000002238       0x28 debug/FlyMob_platform.os
                0x0000000000002238                _JNIEnv::ExceptionDescribe()
 .text._ZN7_JNIEnv14ExceptionClearEv
                0x0000000000002260       0x28 debug/FlyMob_platform.os
                0x0000000000002260                _JNIEnv::ExceptionClear()
 .text._ZN7_JNIEnv12NewGlobalRefEP8_jobject
                0x0000000000002288       0x3c debug/FlyMob_platform.os
                0x0000000000002288                _JNIEnv::NewGlobalRef(_jobject*)
 .text._ZN7_JNIEnv15DeleteGlobalRefEP8_jobject
                0x00000000000022c4       0x30 debug/FlyMob_platform.os
                0x00000000000022c4                _JNIEnv::DeleteGlobalRef(_jobject*)
 .text._ZN7_JNIEnv14DeleteLocalRefEP8_jobject
                0x00000000000022f4       0x30 debug/FlyMob_platform.os
                0x00000000000022f4                _JNIEnv::DeleteLocalRef(_jobject*)
 .text._ZN7_JNIEnv9NewObjectEP7_jclassP10_jmethodIDz
                0x0000000000002324       0x58 debug/FlyMob_platform.os
                0x0000000000002324                _JNIEnv::NewObject(_jclass*, _jmethodID*, ...)
 .text._ZN7_JNIEnv11GetMethodIDEP7_jclassPKcS3_
                0x000000000000237c       0x4c debug/FlyMob_platform.os
                0x000000000000237c                _JNIEnv::GetMethodID(_jclass*, char const*, char const*)
 .text._ZN7_JNIEnv17CallBooleanMethodEP8_jobjectP10_jmethodIDz
                0x00000000000023c8       0x5c debug/FlyMob_platform.os
                0x00000000000023c8                _JNIEnv::CallBooleanMethod(_jobject*, _jmethodID*, ...)
 .text._ZN7_JNIEnv14CallVoidMethodEP8_jobjectP10_jmethodIDz
                0x0000000000002424       0x4c debug/FlyMob_platform.os
                0x0000000000002424                _JNIEnv::CallVoidMethod(_jobject*, _jmethodID*, ...)
 .text._ZN7_JavaVM6GetEnvEPPvi
                0x0000000000002470       0x44 debug/FlyMob_platform.os
                0x0000000000002470                _JavaVM::GetEnv(void**, int)
 .text          0x00000000000024b4      0x1ac debug/FlyMob.os
                0x00000000000024b4                FlyMobInit()
                0x00000000000024cc                FlyMobTerminate()
                0x00000000000024d8                s3eFlyMobInterstitialInitialize
                0x00000000000024f4                s3eFlyMobInterstitialLoad
                0x0000000000002500                s3eFlyMobInterstitialShow
                0x000000000000250c                s3eFlyMobInterstitialIsReady
                0x0000000000002524                s3eFlyMobRewardedVideoInitialize
                0x0000000000002540                s3eFlyMobRewardedVideoLoad
                0x000000000000254c                s3eFlyMobRewardedVideoShow
                0x0000000000002558                s3eFlyMobRewardedVideoIsReady
                0x0000000000002570                s3eFlyMobSDKSetDebugMode
                0x0000000000002594                s3eFlyMobSDKIsDebugMode
                0x00000000000025ac                s3eFlyMobSDKSetCoppa
                0x00000000000025d0                s3eFlyMobSDKIsCoppa
                0x00000000000025e8                s3eFlyMobSDKSetDnt
                0x000000000000260c                s3eFlyMobSDKIsDnt
                0x0000000000002624                s3eFlyMobSDKSetTesting
                0x0000000000002648                s3eFlyMobSDKIsTesting
 .text          0x0000000000002660      0xb10 debug/FlyMob_register.os
                0x0000000000002fe0                FlyMobRegisterExt()
                0x0000000000003164                RegisterExt
 .text          0x0000000000003170        0x0 /Applications/Marmalade.app/Contents/s3e/edk/lib/android/libedk.a(IwDebug.o)
 .text.IwDebugClearConfigCache
                0x0000000000003170       0x74 /Applications/Marmalade.app/Contents/s3e/edk/lib/android/libedk.a(IwDebug.o)
                0x0000000000003170                IwDebugClearConfigCache
 .text.IwDebugAssertIsChannelOn
                0x00000000000031e4      0x228 /Applications/Marmalade.app/Contents/s3e/edk/lib/android/libedk.a(IwDebug.o)
                0x00000000000031e4                IwDebugAssertIsChannelOn
 .text.IwDebugAssertShow
                0x000000000000340c      0x2f8 /Applications/Marmalade.app/Contents/s3e/edk/lib/android/libedk.a(IwDebug.o)
                0x000000000000340c                IwDebugAssertShow
 .text.IwDebugAssertSetSolution
                0x0000000000003704       0xb4 /Applications/Marmalade.app/Contents/s3e/edk/lib/android/libedk.a(IwDebug.o)
                0x0000000000003704                IwDebugAssertSetSolution
 .text.IwDebugAssertSetMessage
                0x00000000000037b8       0xf4 /Applications/Marmalade.app/Contents/s3e/edk/lib/android/libedk.a(IwDebug.o)
                0x00000000000037b8                IwDebugAssertSetMessage
 .text.IwAssertRegisterTextCallback
                0x00000000000038ac       0x20 /Applications/Marmalade.app/Contents/s3e/edk/lib/android/libedk.a(IwDebug.o)
                0x00000000000038ac                IwAssertRegisterTextCallback
 .text.IwAssertRegisterCallback
                0x00000000000038cc       0x20 /Applications/Marmalade.app/Contents/s3e/edk/lib/android/libedk.a(IwDebug.o)
                0x00000000000038cc                IwAssertRegisterCallback
 .text.IwDebugTraceDisable
                0x00000000000038ec       0x10 /Applications/Marmalade.app/Contents/s3e/edk/lib/android/libedk.a(IwDebug.o)
                0x00000000000038ec                IwDebugTraceDisable
 .text.IwDebugTraceIsChannelOn
                0x00000000000038fc      0x2f4 /Applications/Marmalade.app/Contents/s3e/edk/lib/android/libedk.a(IwDebug.o)
                0x00000000000038fc                IwDebugTraceIsChannelOn
 .text.IwDebugTraceSetTraceChannel
                0x0000000000003bf0       0x18 /Applications/Marmalade.app/Contents/s3e/edk/lib/android/libedk.a(IwDebug.o)
                0x0000000000003bf0                IwDebugTraceSetTraceChannel
 .text.IwDebugTraceChannelSwitch
                0x0000000000003c08      0x1fc /Applications/Marmalade.app/Contents/s3e/edk/lib/android/libedk.a(IwDebug.o)
                0x0000000000003c08                IwDebugTraceChannelSwitch
 .text.IwDebugTraceChannelOverrideReset
                0x0000000000003e04       0x4c /Applications/Marmalade.app/Contents/s3e/edk/lib/android/libedk.a(IwDebug.o)
                0x0000000000003e04                IwDebugTraceChannelOverrideReset
 .text.IwDebugTraceChannelOverride
                0x0000000000003e50      0x1fc /Applications/Marmalade.app/Contents/s3e/edk/lib/android/libedk.a(IwDebug.o)
                0x0000000000003e50                IwDebugTraceChannelOverride
 .text.IwDebugTraceLineVPrintf
                0x000000000000404c       0xfc /Applications/Marmalade.app/Contents/s3e/edk/lib/android/libedk.a(IwDebug.o)
                0x000000000000404c                IwDebugTraceLineVPrintf
 .text.IwDebugTraceLinePrintf
                0x0000000000004148       0x30 /Applications/Marmalade.app/Contents/s3e/edk/lib/android/libedk.a(IwDebug.o)
                0x0000000000004148                IwDebugTraceLinePrintf
 .text.IwDebugErrorRegisterCallback
                0x0000000000004178       0x1c /Applications/Marmalade.app/Contents/s3e/edk/lib/android/libedk.a(IwDebug.o)
                0x0000000000004178                IwDebugErrorRegisterCallback
 .text.IwDebugErrorShow
                0x0000000000004194      0x108 /Applications/Marmalade.app/Contents/s3e/edk/lib/android/libedk.a(IwDebug.o)
                0x0000000000004194                IwDebugErrorShow
 .text.IwDebugAssertSetUID
                0x000000000000429c       0x14 /Applications/Marmalade.app/Contents/s3e/edk/lib/android/libedk.a(IwDebug.o)
                0x000000000000429c                IwDebugAssertSetUID
 .text          0x00000000000042b0        0x0 /Applications/Marmalade.app/Contents/s3e/edk/lib/android/libedk.a(edk_helpers.o)
 .text.s3eEdkErrorSetString
                0x00000000000042b0       0x30 /Applications/Marmalade.app/Contents/s3e/edk/lib/android/libedk.a(edk_helpers.o)
                0x00000000000042b0                s3eEdkErrorSetString
 .text.s3eEdkThreadRunOnOS
                0x00000000000042e0       0x30 /Applications/Marmalade.app/Contents/s3e/edk/lib/android/libedk.a(edk_helpers.o)
                0x00000000000042e0                s3eEdkThreadRunOnOS
 .text.s3eEdkThreadRunOnOSAsync
                0x0000000000004310       0x30 /Applications/Marmalade.app/Contents/s3e/edk/lib/android/libedk.a(edk_helpers.o)
                0x0000000000004310                s3eEdkThreadRunOnOSAsync
 .text          0x0000000000004340        0x0 /Applications/Marmalade.app/Contents/s3e/edk/lib/android/libedk.a(android_edk_marker.o)
 .text.libplaceholderplaceholderplaceholderplaceholderplaceholder
                0x0000000000004340        0x4 /Applications/Marmalade.app/Contents/s3e/edk/lib/android/libedk.a(android_edk_marker.o)
                0x0000000000004340                libplaceholderplaceholderplaceholderplaceholderplaceholder
 .text          0x0000000000004344       0x44 /Users/a.baskakov/android-ndk-r10e/toolchains/arm-linux-androideabi-4.9/prebuilt/darwin-x86_64/bin/../lib/gcc/arm-linux-androideabi/4.9/libgcc.a(_aeabi_ldivmod.o)
                0x0000000000004344                __aeabi_ldivmod
 .text          0x0000000000004388       0x10 /Users/a.baskakov/android-ndk-r10e/toolchains/arm-linux-androideabi-4.9/prebuilt/darwin-x86_64/bin/../lib/gcc/arm-linux-androideabi/4.9/libgcc.a(_dvmd_lnx.o)
                0x0000000000004388                __aeabi_ldiv0
                0x0000000000004388                __aeabi_idiv0
 .text          0x0000000000004398       0x78 /Users/a.baskakov/android-ndk-r10e/toolchains/arm-linux-androideabi-4.9/prebuilt/darwin-x86_64/bin/../lib/gcc/arm-linux-androideabi/4.9/libgcc.a(bpabi.o)
                0x0000000000004398                __gnu_ldivmod_helper
                0x00000000000043d4                __gnu_uldivmod_helper
 .text          0x0000000000004410      0xee8 /Users/a.baskakov/android-ndk-r10e/toolchains/arm-linux-androideabi-4.9/prebuilt/darwin-x86_64/bin/../lib/gcc/arm-linux-androideabi/4.9/libgcc.a(unwind-arm.o)
                0x000000000000483c                _Unwind_GetCFA
                0x0000000000004844                __gnu_Unwind_RaiseException
                0x00000000000048e8                __gnu_Unwind_ForcedUnwind
                0x0000000000004904                __gnu_Unwind_Resume
                0x0000000000004978                __gnu_Unwind_Resume_or_Rethrow
                0x0000000000004998                _Unwind_Complete
                0x000000000000499c                _Unwind_DeleteException
                0x00000000000049b4                _Unwind_VRS_Get
                0x0000000000004a38                _Unwind_VRS_Set
                0x0000000000004ac0                __gnu_Unwind_Backtrace
                0x0000000000004f78                __aeabi_unwind_cpp_pr0
                0x0000000000004f80                __aeabi_unwind_cpp_pr1
                0x0000000000004f88                __aeabi_unwind_cpp_pr2
                0x0000000000004f90                _Unwind_VRS_Pop
 .text          0x00000000000052f8      0x1a8 /Users/a.baskakov/android-ndk-r10e/toolchains/arm-linux-androideabi-4.9/prebuilt/darwin-x86_64/bin/../lib/gcc/arm-linux-androideabi/4.9/libgcc.a(libunwind.o)
                0x00000000000052f8                __restore_core_regs
                0x00000000000052f8                restore_core_regs
                0x000000000000530c                __gnu_Unwind_Restore_VFP
                0x0000000000005314                __gnu_Unwind_Save_VFP
                0x000000000000531c                __gnu_Unwind_Restore_VFP_D
                0x0000000000005324                __gnu_Unwind_Save_VFP_D
                0x000000000000532c                __gnu_Unwind_Restore_VFP_D_16_to_31
                0x0000000000005334                __gnu_Unwind_Save_VFP_D_16_to_31
                0x000000000000533c                __gnu_Unwind_Restore_WMMXD
                0x0000000000005380                __gnu_Unwind_Save_WMMXD
                0x00000000000053c4                __gnu_Unwind_Restore_WMMXC
                0x00000000000053d8                __gnu_Unwind_Save_WMMXC
                0x00000000000053ec                _Unwind_RaiseException
                0x00000000000053ec                ___Unwind_RaiseException
                0x0000000000005410                ___Unwind_Resume
                0x0000000000005410                _Unwind_Resume
                0x0000000000005434                ___Unwind_Resume_or_Rethrow
                0x0000000000005434                _Unwind_Resume_or_Rethrow
                0x0000000000005458                _Unwind_ForcedUnwind
                0x0000000000005458                ___Unwind_ForcedUnwind
                0x000000000000547c                _Unwind_Backtrace
                0x000000000000547c                ___Unwind_Backtrace
 .text          0x00000000000054a0      0x490 /Users/a.baskakov/android-ndk-r10e/toolchains/arm-linux-androideabi-4.9/prebuilt/darwin-x86_64/bin/../lib/gcc/arm-linux-androideabi/4.9/libgcc.a(pr-support.o)
                0x000000000000552c                __gnu_unwind_execute
                0x00000000000058b4                __gnu_unwind_frame
                0x00000000000058f4                _Unwind_GetRegionStart
                0x0000000000005904                _Unwind_GetLanguageSpecificData
                0x0000000000005920                _Unwind_GetDataRelBase
                0x0000000000005928                _Unwind_GetTextRelBase
 .text          0x0000000000005930      0x194 /Users/a.baskakov/android-ndk-r10e/toolchains/arm-linux-androideabi-4.9/prebuilt/darwin-x86_64/bin/../lib/gcc/arm-linux-androideabi/4.9/libgcc.a(_divdi3.o)
                0x0000000000005930                __divdi3
 .text          0x0000000000005ac4      0x110 /Users/a.baskakov/android-ndk-r10e/toolchains/arm-linux-androideabi-4.9/prebuilt/darwin-x86_64/bin/../lib/gcc/arm-linux-androideabi/4.9/libgcc.a(_udivdi3.o)
                0x0000000000005ac4                __udivdi3
 .text          0x0000000000005bd4       0x1c /Users/a.baskakov/android-ndk-r10e/toolchains/arm-linux-androideabi-4.9/prebuilt/darwin-x86_64/bin/../lib/gcc/arm-linux-androideabi/4.9/libgcc.a(_lshrdi3.o)
                0x0000000000005bd4                __aeabi_llsr
                0x0000000000005bd4                __lshrdi3
 .text          0x0000000000005bf0       0x1c /Users/a.baskakov/android-ndk-r10e/toolchains/arm-linux-androideabi-4.9/prebuilt/darwin-x86_64/bin/../lib/gcc/arm-linux-androideabi/4.9/libgcc.a(_ashldi3.o)
                0x0000000000005bf0                __ashldi3
                0x0000000000005bf0                __aeabi_llsl
 .text          0x0000000000005c0c        0x0 /Users/a.baskakov/android-ndk-r10e/platforms/android-14/arch-arm/usr/lib/crtend_so.o
 *(.gnu.warning)
 *(.glue_7t)
 .glue_7t       0x0000000000005c0c        0x0 linker stubs
 *(.glue_7)
 .glue_7        0x0000000000005c0c        0x0 linker stubs
 *(.vfp11_veneer)
 .vfp11_veneer  0x0000000000005c0c        0x0 linker stubs
 *(.v4_bx)
 .v4_bx         0x0000000000005c0c        0x0 linker stubs

.fini
 *(SORT(.fini))
                0x0000000000005c0c                PROVIDE (__etext, .)
                0x0000000000005c0c                PROVIDE (_etext, .)
                0x0000000000005c0c                PROVIDE (etext, .)

.rodata         0x0000000000005c0c      0x740
 *(.rodata .rodata.* .gnu.linkonce.r.*)
 .rodata        0x0000000000005c0c      0x220 debug/FlyMob_platform.os
 .rodata        0x0000000000005e2c      0x404 debug/FlyMob_register.os
 .rodata.str1.4
                0x0000000000006230      0x11c /Applications/Marmalade.app/Contents/s3e/edk/lib/android/libedk.a(IwDebug.o)
                                        0x120 (size before relaxing)

.rodata1
 *(.rodata1)

.ARM.extab      0x000000000000634c       0x3c
 *(.ARM.extab* .gnu.linkonce.armextab.*)
 .ARM.extab     0x000000000000634c        0xc /Users/a.baskakov/android-ndk-r10e/toolchains/arm-linux-androideabi-4.9/prebuilt/darwin-x86_64/bin/../lib/gcc/arm-linux-androideabi/4.9/libgcc.a(_dvmd_lnx.o)
 .ARM.extab     0x0000000000006358        0x0 /Users/a.baskakov/android-ndk-r10e/toolchains/arm-linux-androideabi-4.9/prebuilt/darwin-x86_64/bin/../lib/gcc/arm-linux-androideabi/4.9/libgcc.a(bpabi.o)
 .ARM.extab     0x0000000000006358        0x0 /Users/a.baskakov/android-ndk-r10e/toolchains/arm-linux-androideabi-4.9/prebuilt/darwin-x86_64/bin/../lib/gcc/arm-linux-androideabi/4.9/libgcc.a(unwind-arm.o)
 .ARM.extab     0x0000000000006358       0x30 /Users/a.baskakov/android-ndk-r10e/toolchains/arm-linux-androideabi-4.9/prebuilt/darwin-x86_64/bin/../lib/gcc/arm-linux-androideabi/4.9/libgcc.a(pr-support.o)
 .ARM.extab     0x0000000000006388        0x0 /Users/a.baskakov/android-ndk-r10e/toolchains/arm-linux-androideabi-4.9/prebuilt/darwin-x86_64/bin/../lib/gcc/arm-linux-androideabi/4.9/libgcc.a(_divdi3.o)
 .ARM.extab     0x0000000000006388        0x0 /Users/a.baskakov/android-ndk-r10e/toolchains/arm-linux-androideabi-4.9/prebuilt/darwin-x86_64/bin/../lib/gcc/arm-linux-androideabi/4.9/libgcc.a(_udivdi3.o)
                0x0000000000006388                PROVIDE (__exidx_start, .)

.ARM.exidx      0x0000000000006388      0x120
 *(.ARM.exidx* .gnu.linkonce.armexidx.*)
 .ARM.exidx     0x0000000000006388        0x8 /Users/a.baskakov/android-ndk-r10e/toolchains/arm-linux-androideabi-4.9/prebuilt/darwin-x86_64/bin/../lib/gcc/arm-linux-androideabi/4.9/libgcc.a(_dvmd_lnx.o)
 .ARM.exidx     0x0000000000006390       0x10 /Users/a.baskakov/android-ndk-r10e/toolchains/arm-linux-androideabi-4.9/prebuilt/darwin-x86_64/bin/../lib/gcc/arm-linux-androideabi/4.9/libgcc.a(bpabi.o)
 .ARM.exidx     0x00000000000063a0       0xa8 /Users/a.baskakov/android-ndk-r10e/toolchains/arm-linux-androideabi-4.9/prebuilt/darwin-x86_64/bin/../lib/gcc/arm-linux-androideabi/4.9/libgcc.a(unwind-arm.o)
                                         0xd8 (size before relaxing)
 .ARM.exidx     0x0000000000006448       0x48 /Users/a.baskakov/android-ndk-r10e/toolchains/arm-linux-androideabi-4.9/prebuilt/darwin-x86_64/bin/../lib/gcc/arm-linux-androideabi/4.9/libgcc.a(pr-support.o)
 .ARM.exidx     0x0000000000006490        0x8 /Users/a.baskakov/android-ndk-r10e/toolchains/arm-linux-androideabi-4.9/prebuilt/darwin-x86_64/bin/../lib/gcc/arm-linux-androideabi/4.9/libgcc.a(_divdi3.o)
 .ARM.exidx     0x0000000000006498       0x10 /Users/a.baskakov/android-ndk-r10e/toolchains/arm-linux-androideabi-4.9/prebuilt/darwin-x86_64/bin/../lib/gcc/arm-linux-androideabi/4.9/libgcc.a(_udivdi3.o)
                                          0x8 (size before relaxing)
                0x00000000000064a8                PROVIDE (__exidx_end, .)

.eh_frame_hdr   0x00000000000064a8        0x0
 *(.eh_frame_hdr)
 .eh_frame_hdr  0x00000000000064a8        0x0 /Users/a.baskakov/android-ndk-r10e/platforms/android-14/arch-arm/usr/lib/crtend_so.o

.eh_frame
 *(.eh_frame)

.gcc_except_table
 *(.gcc_except_table .gcc_except_table.*)

.exception_ranges
 *(.exception_ranges .exception_ranges*)
                0x0000000000010000                . = ALIGN (0x10000)
                0x0000000000010e10                . = DATA_SEGMENT_ALIGN (0x10000, 0x1000)

.eh_frame
 *(.eh_frame)

.gcc_except_table
 *(.gcc_except_table .gcc_except_table.*)

.exception_ranges
 *(.exception_ranges .exception_ranges*)

.tdata
 *(.tdata .tdata.* .gnu.linkonce.td.*)

.tbss
 *(.tbss .tbss.* .gnu.linkonce.tb.*)
 *(.tcommon)
                0x0000000000010e10                . = ALIGN (0x4)

.preinit_array
 *(.preinit_array)

.init_array     0x0000000000010e10        0x8
 *crtbegin*.o(.init_array)
 *(SORT(.init_array.*) SORT(.ctors.*))
 *(.init_array EXCLUDE_FILE(*crtend*.o *crtend.o *crtbegin*.o *crtbegin.o) .ctors)
 .init_array    0x0000000000010e10        0x4 /Applications/Marmalade.app/Contents/s3e/edk/lib/android/libedk.a(IwDebug.o)
 .init_array    0x0000000000010e14        0x4 /Users/a.baskakov/android-ndk-r10e/platforms/android-14/arch-arm/usr/lib/crtend_so.o

.fini_array     0x0000000000010e18        0x8
 *crtbegin*.o(.fini_array)
 .fini_array    0x0000000000010e18        0x4 /Users/a.baskakov/android-ndk-r10e/platforms/android-14/arch-arm/usr/lib/crtbegin_so.o
 *(SORT(.fini_array.*) SORT(.dtors.*))
 *(.fini_array EXCLUDE_FILE(*crtend*.o *crtend.o *crtbegin*.o *crtbegin.o) .dtors)
 .fini_array    0x0000000000010e1c        0x4 /Users/a.baskakov/android-ndk-r10e/platforms/android-14/arch-arm/usr/lib/crtend_so.o

.ctors
 *crtbegin.o(.ctors)
 *crtbegin*.o(.ctors)
 *(EXCLUDE_FILE(*crtend*.o *crtend.o) .ctors)
 *(SORT(.ctors.*))
 *(.ctors)

.dtors
 *crtbegin.o(.dtors)
 *crtbegin*.o(.dtors)
 *(EXCLUDE_FILE(*crtend*.o *crtend.o) .dtors)
 *(SORT(.dtors.*))
 *(.dtors)

.jcr
 *(.jcr)

.data.rel.ro
 *(.data.rel.ro.local* .gnu.linkonce.d.rel.ro.local.*)
 *(.data.rel.ro .data.rel.ro.* .gnu.linkonce.d.rel.ro.*)

.dynamic        0x0000000000010e20       0xf8
 *(.dynamic)
 .dynamic       0x0000000000010e20       0xf8 /Users/a.baskakov/android-ndk-r10e/platforms/android-14/arch-arm/usr/lib/crtbegin_so.o
                0x0000000000010e20                _DYNAMIC

.got            0x0000000000010f18       0xe8
 *(.got.plt)
 .got.plt       0x0000000000010f18       0x84 /Users/a.baskakov/android-ndk-r10e/platforms/android-14/arch-arm/usr/lib/crtbegin_so.o
                0x0000000000010f18                _GLOBAL_OFFSET_TABLE_
 *(.igot.plt)
 .igot.plt      0x0000000000010f9c        0x0 /Users/a.baskakov/android-ndk-r10e/platforms/android-14/arch-arm/usr/lib/crtbegin_so.o
 *(.got)
 .got           0x0000000000010f9c       0x64 /Users/a.baskakov/android-ndk-r10e/platforms/android-14/arch-arm/usr/lib/crtbegin_so.o
 *(.igot)
                0x0000000000011000                . = DATA_SEGMENT_RELRO_END (., 0x0)

.data           0x0000000000011000        0x4
                0x0000000000011000                PROVIDE (__data_start, .)
 *(.data .data.* .gnu.linkonce.d.*)
 .data          0x0000000000011000        0x4 /Users/a.baskakov/android-ndk-r10e/platforms/android-14/arch-arm/usr/lib/crtbegin_so.o
                0x0000000000011000                __dso_handle
 .data          0x0000000000011004        0x0 debug/FlyMob_platform.os
 .data          0x0000000000011004        0x0 debug/FlyMob.os
 .data          0x0000000000011004        0x0 debug/FlyMob_register.os
 .data          0x0000000000011004        0x0 /Applications/Marmalade.app/Contents/s3e/edk/lib/android/libedk.a(IwDebug.o)
 .data          0x0000000000011004        0x0 /Applications/Marmalade.app/Contents/s3e/edk/lib/android/libedk.a(edk_helpers.o)
 .data          0x0000000000011004        0x0 /Applications/Marmalade.app/Contents/s3e/edk/lib/android/libedk.a(android_edk_marker.o)
 .data          0x0000000000011004        0x0 /Users/a.baskakov/android-ndk-r10e/toolchains/arm-linux-androideabi-4.9/prebuilt/darwin-x86_64/bin/../lib/gcc/arm-linux-androideabi/4.9/libgcc.a(_aeabi_ldivmod.o)
 .data          0x0000000000011004        0x0 /Users/a.baskakov/android-ndk-r10e/toolchains/arm-linux-androideabi-4.9/prebuilt/darwin-x86_64/bin/../lib/gcc/arm-linux-androideabi/4.9/libgcc.a(_dvmd_lnx.o)
 .data          0x0000000000011004        0x0 /Users/a.baskakov/android-ndk-r10e/toolchains/arm-linux-androideabi-4.9/prebuilt/darwin-x86_64/bin/../lib/gcc/arm-linux-androideabi/4.9/libgcc.a(bpabi.o)
 .data          0x0000000000011004        0x0 /Users/a.baskakov/android-ndk-r10e/toolchains/arm-linux-androideabi-4.9/prebuilt/darwin-x86_64/bin/../lib/gcc/arm-linux-androideabi/4.9/libgcc.a(unwind-arm.o)
 .data          0x0000000000011004        0x0 /Users/a.baskakov/android-ndk-r10e/toolchains/arm-linux-androideabi-4.9/prebuilt/darwin-x86_64/bin/../lib/gcc/arm-linux-androideabi/4.9/libgcc.a(libunwind.o)
 .data          0x0000000000011004        0x0 /Users/a.baskakov/android-ndk-r10e/toolchains/arm-linux-androideabi-4.9/prebuilt/darwin-x86_64/bin/../lib/gcc/arm-linux-androideabi/4.9/libgcc.a(pr-support.o)
 .data          0x0000000000011004        0x0 /Users/a.baskakov/android-ndk-r10e/toolchains/arm-linux-androideabi-4.9/prebuilt/darwin-x86_64/bin/../lib/gcc/arm-linux-androideabi/4.9/libgcc.a(_divdi3.o)
 .data          0x0000000000011004        0x0 /Users/a.baskakov/android-ndk-r10e/toolchains/arm-linux-androideabi-4.9/prebuilt/darwin-x86_64/bin/../lib/gcc/arm-linux-androideabi/4.9/libgcc.a(_udivdi3.o)
 .data          0x0000000000011004        0x0 /Users/a.baskakov/android-ndk-r10e/toolchains/arm-linux-androideabi-4.9/prebuilt/darwin-x86_64/bin/../lib/gcc/arm-linux-androideabi/4.9/libgcc.a(_lshrdi3.o)
 .data          0x0000000000011004        0x0 /Users/a.baskakov/android-ndk-r10e/toolchains/arm-linux-androideabi-4.9/prebuilt/darwin-x86_64/bin/../lib/gcc/arm-linux-androideabi/4.9/libgcc.a(_ashldi3.o)
 .data          0x0000000000011004        0x0 /Users/a.baskakov/android-ndk-r10e/platforms/android-14/arch-arm/usr/lib/crtend_so.o

.data1
 *(.data1)
                0x0000000000011004                _edata = .
                0x0000000000011004                PROVIDE (edata, .)
                0x0000000000011004                . = .
                0x0000000000011004                __bss_start = .
                0x0000000000011004                __bss_start__ = .

.bss            0x0000000000011004     0x296c
 *(.dynbss)
 .dynbss        0x0000000000011004        0x0 /Users/a.baskakov/android-ndk-r10e/platforms/android-14/arch-arm/usr/lib/crtbegin_so.o
 *(.bss .bss.* .gnu.linkonce.b.*)
 .bss           0x0000000000011004        0x0 /Users/a.baskakov/android-ndk-r10e/platforms/android-14/arch-arm/usr/lib/crtbegin_so.o
 .bss           0x0000000000011004       0x44 debug/FlyMob_platform.os
 .bss           0x0000000000011048        0x0 debug/FlyMob.os
 .bss           0x0000000000011048        0x0 debug/FlyMob_register.os
 .bss           0x0000000000011048     0x2928 /Applications/Marmalade.app/Contents/s3e/edk/lib/android/libedk.a(IwDebug.o)
                0x0000000000011048                g_DebugGlobals
 .bss           0x0000000000013970        0x0 /Applications/Marmalade.app/Contents/s3e/edk/lib/android/libedk.a(edk_helpers.o)
 .bss           0x0000000000013970        0x0 /Applications/Marmalade.app/Contents/s3e/edk/lib/android/libedk.a(android_edk_marker.o)
 .bss           0x0000000000013970        0x0 /Users/a.baskakov/android-ndk-r10e/toolchains/arm-linux-androideabi-4.9/prebuilt/darwin-x86_64/bin/../lib/gcc/arm-linux-androideabi/4.9/libgcc.a(_aeabi_ldivmod.o)
 .bss           0x0000000000013970        0x0 /Users/a.baskakov/android-ndk-r10e/toolchains/arm-linux-androideabi-4.9/prebuilt/darwin-x86_64/bin/../lib/gcc/arm-linux-androideabi/4.9/libgcc.a(_dvmd_lnx.o)
 .bss           0x0000000000013970        0x0 /Users/a.baskakov/android-ndk-r10e/toolchains/arm-linux-androideabi-4.9/prebuilt/darwin-x86_64/bin/../lib/gcc/arm-linux-androideabi/4.9/libgcc.a(bpabi.o)
 .bss           0x0000000000013970        0x0 /Users/a.baskakov/android-ndk-r10e/toolchains/arm-linux-androideabi-4.9/prebuilt/darwin-x86_64/bin/../lib/gcc/arm-linux-androideabi/4.9/libgcc.a(unwind-arm.o)
 .bss           0x0000000000013970        0x0 /Users/a.baskakov/android-ndk-r10e/toolchains/arm-linux-androideabi-4.9/prebuilt/darwin-x86_64/bin/../lib/gcc/arm-linux-androideabi/4.9/libgcc.a(libunwind.o)
 .bss           0x0000000000013970        0x0 /Users/a.baskakov/android-ndk-r10e/toolchains/arm-linux-androideabi-4.9/prebuilt/darwin-x86_64/bin/../lib/gcc/arm-linux-androideabi/4.9/libgcc.a(pr-support.o)
 .bss           0x0000000000013970        0x0 /Users/a.baskakov/android-ndk-r10e/toolchains/arm-linux-androideabi-4.9/prebuilt/darwin-x86_64/bin/../lib/gcc/arm-linux-androideabi/4.9/libgcc.a(_divdi3.o)
 .bss           0x0000000000013970        0x0 /Users/a.baskakov/android-ndk-r10e/toolchains/arm-linux-androideabi-4.9/prebuilt/darwin-x86_64/bin/../lib/gcc/arm-linux-androideabi/4.9/libgcc.a(_udivdi3.o)
 .bss           0x0000000000013970        0x0 /Users/a.baskakov/android-ndk-r10e/toolchains/arm-linux-androideabi-4.9/prebuilt/darwin-x86_64/bin/../lib/gcc/arm-linux-androideabi/4.9/libgcc.a(_lshrdi3.o)
 .bss           0x0000000000013970        0x0 /Users/a.baskakov/android-ndk-r10e/toolchains/arm-linux-androideabi-4.9/prebuilt/darwin-x86_64/bin/../lib/gcc/arm-linux-androideabi/4.9/libgcc.a(_ashldi3.o)
 .bss           0x0000000000013970        0x0 /Users/a.baskakov/android-ndk-r10e/platforms/android-14/arch-arm/usr/lib/crtend_so.o
 *(COMMON)
                0x0000000000013970                . = ALIGN (0x4)
                0x0000000000013970                _bss_end__ = .
                0x0000000000013970                __bss_end__ = .
                0x0000000000013970                . = ALIGN (0x4)
                0x0000000000013970                . = SEGMENT_START ("ldata-segment", .)
                0x0000000000013970                . = ALIGN (0x4)
                0x0000000000013970                __end__ = .
                0x0000000000013970                _end = .
                0x0000000000013970                _bss_end__ = .
                0x0000000000013970                __bss_end__ = .
                0x0000000000013970                __end__ = .
                0x0000000000013970                PROVIDE (end, .)
                0x0000000000013970                . = DATA_SEGMENT_END (.)

.stab
 *(.stab)

.stabstr
 *(.stabstr)

.stab.excl
 *(.stab.excl)

.stab.exclstr
 *(.stab.exclstr)

.stab.index
 *(.stab.index)

.stab.indexstr
 *(.stab.indexstr)

.comment        0x0000000000000000       0x34
 *(.comment)
 .comment       0x0000000000000000        0xf /Users/a.baskakov/android-ndk-r10e/platforms/android-14/arch-arm/usr/lib/crtbegin_so.o
                                         0x10 (size before relaxing)
 .comment       0x000000000000000f       0x25 debug/FlyMob_platform.os
                                         0x26 (size before relaxing)
 .comment       0x0000000000000034       0x26 debug/FlyMob.os
 .comment       0x0000000000000034       0x26 debug/FlyMob_register.os
 .comment       0x0000000000000034       0x26 /Applications/Marmalade.app/Contents/s3e/edk/lib/android/libedk.a(IwDebug.o)
 .comment       0x0000000000000034       0x26 /Applications/Marmalade.app/Contents/s3e/edk/lib/android/libedk.a(edk_helpers.o)
 .comment       0x0000000000000034       0x26 /Applications/Marmalade.app/Contents/s3e/edk/lib/android/libedk.a(android_edk_marker.o)
 .comment       0x0000000000000034       0x26 /Users/a.baskakov/android-ndk-r10e/toolchains/arm-linux-androideabi-4.9/prebuilt/darwin-x86_64/bin/../lib/gcc/arm-linux-androideabi/4.9/libgcc.a(bpabi.o)
 .comment       0x0000000000000034       0x26 /Users/a.baskakov/android-ndk-r10e/toolchains/arm-linux-androideabi-4.9/prebuilt/darwin-x86_64/bin/../lib/gcc/arm-linux-androideabi/4.9/libgcc.a(unwind-arm.o)
 .comment       0x0000000000000034       0x26 /Users/a.baskakov/android-ndk-r10e/toolchains/arm-linux-androideabi-4.9/prebuilt/darwin-x86_64/bin/../lib/gcc/arm-linux-androideabi/4.9/libgcc.a(pr-support.o)
 .comment       0x0000000000000034       0x26 /Users/a.baskakov/android-ndk-r10e/toolchains/arm-linux-androideabi-4.9/prebuilt/darwin-x86_64/bin/../lib/gcc/arm-linux-androideabi/4.9/libgcc.a(_divdi3.o)
 .comment       0x0000000000000034       0x26 /Users/a.baskakov/android-ndk-r10e/toolchains/arm-linux-androideabi-4.9/prebuilt/darwin-x86_64/bin/../lib/gcc/arm-linux-androideabi/4.9/libgcc.a(_udivdi3.o)

.ARM.attributes
                0x0000000000000000       0x2d
 .ARM.attributes
                0x0000000000000000       0x2b /Users/a.baskakov/android-ndk-r10e/platforms/android-14/arch-arm/usr/lib/crtbegin_so.o
 .ARM.attributes
                0x000000000000002b       0x2f debug/FlyMob_platform.os
 .ARM.attributes
                0x000000000000005a       0x2f debug/FlyMob.os
 .ARM.attributes
                0x0000000000000089       0x2f debug/FlyMob_register.os
 .ARM.attributes
                0x00000000000000b8       0x2f /Applications/Marmalade.app/Contents/s3e/edk/lib/android/libedk.a(IwDebug.o)
 .ARM.attributes
                0x00000000000000e7       0x2f /Applications/Marmalade.app/Contents/s3e/edk/lib/android/libedk.a(edk_helpers.o)
 .ARM.attributes
                0x0000000000000116       0x2f /Applications/Marmalade.app/Contents/s3e/edk/lib/android/libedk.a(android_edk_marker.o)
 .ARM.attributes
                0x0000000000000145       0x1f /Users/a.baskakov/android-ndk-r10e/toolchains/arm-linux-androideabi-4.9/prebuilt/darwin-x86_64/bin/../lib/gcc/arm-linux-androideabi/4.9/libgcc.a(_aeabi_ldivmod.o)
 .ARM.attributes
                0x0000000000000164       0x1f /Users/a.baskakov/android-ndk-r10e/toolchains/arm-linux-androideabi-4.9/prebuilt/darwin-x86_64/bin/../lib/gcc/arm-linux-androideabi/4.9/libgcc.a(_dvmd_lnx.o)
 .ARM.attributes
                0x0000000000000183       0x2b /Users/a.baskakov/android-ndk-r10e/toolchains/arm-linux-androideabi-4.9/prebuilt/darwin-x86_64/bin/../lib/gcc/arm-linux-androideabi/4.9/libgcc.a(bpabi.o)
 .ARM.attributes
                0x00000000000001ae       0x2b /Users/a.baskakov/android-ndk-r10e/toolchains/arm-linux-androideabi-4.9/prebuilt/darwin-x86_64/bin/../lib/gcc/arm-linux-androideabi/4.9/libgcc.a(unwind-arm.o)
 .ARM.attributes
                0x00000000000001d9       0x1f /Users/a.baskakov/android-ndk-r10e/toolchains/arm-linux-androideabi-4.9/prebuilt/darwin-x86_64/bin/../lib/gcc/arm-linux-androideabi/4.9/libgcc.a(libunwind.o)
 .ARM.attributes
                0x00000000000001f8       0x2b /Users/a.baskakov/android-ndk-r10e/toolchains/arm-linux-androideabi-4.9/prebuilt/darwin-x86_64/bin/../lib/gcc/arm-linux-androideabi/4.9/libgcc.a(pr-support.o)
 .ARM.attributes
                0x0000000000000223       0x2b /Users/a.baskakov/android-ndk-r10e/toolchains/arm-linux-androideabi-4.9/prebuilt/darwin-x86_64/bin/../lib/gcc/arm-linux-androideabi/4.9/libgcc.a(_divdi3.o)
 .ARM.attributes
                0x000000000000024e       0x2b /Users/a.baskakov/android-ndk-r10e/toolchains/arm-linux-androideabi-4.9/prebuilt/darwin-x86_64/bin/../lib/gcc/arm-linux-androideabi/4.9/libgcc.a(_udivdi3.o)
 .ARM.attributes
                0x0000000000000279       0x1f /Users/a.baskakov/android-ndk-r10e/toolchains/arm-linux-androideabi-4.9/prebuilt/darwin-x86_64/bin/../lib/gcc/arm-linux-androideabi/4.9/libgcc.a(_lshrdi3.o)
 .ARM.attributes
                0x0000000000000298       0x1f /Users/a.baskakov/android-ndk-r10e/toolchains/arm-linux-androideabi-4.9/prebuilt/darwin-x86_64/bin/../lib/gcc/arm-linux-androideabi/4.9/libgcc.a(_ashldi3.o)
 .ARM.attributes
                0x00000000000002b7       0x1d /Users/a.baskakov/android-ndk-r10e/platforms/android-14/arch-arm/usr/lib/crtend_so.o

.debug
 *(.debug)

.line
 *(.line)

.debug_srcinfo
 *(.debug_srcinfo)

.debug_sfnames
 *(.debug_sfnames)

.debug_aranges  0x0000000000000000      0x200
 *(.debug_aranges)
 .debug_aranges
                0x0000000000000000       0x80 debug/FlyMob_platform.os
 .debug_aranges
                0x0000000000000080       0x20 debug/FlyMob.os
 .debug_aranges
                0x00000000000000a0       0x20 debug/FlyMob_register.os
 .debug_aranges
                0x00000000000000c0       0x20 /Users/a.baskakov/android-ndk-r10e/toolchains/arm-linux-androideabi-4.9/prebuilt/darwin-x86_64/bin/../lib/gcc/arm-linux-androideabi/4.9/libgcc.a(_aeabi_ldivmod.o)
 .debug_aranges
                0x00000000000000e0       0x20 /Users/a.baskakov/android-ndk-r10e/toolchains/arm-linux-androideabi-4.9/prebuilt/darwin-x86_64/bin/../lib/gcc/arm-linux-androideabi/4.9/libgcc.a(_dvmd_lnx.o)
 .debug_aranges
                0x0000000000000100       0x20 /Users/a.baskakov/android-ndk-r10e/toolchains/arm-linux-androideabi-4.9/prebuilt/darwin-x86_64/bin/../lib/gcc/arm-linux-androideabi/4.9/libgcc.a(bpabi.o)
 .debug_aranges
                0x0000000000000120       0x20 /Users/a.baskakov/android-ndk-r10e/toolchains/arm-linux-androideabi-4.9/prebuilt/darwin-x86_64/bin/../lib/gcc/arm-linux-androideabi/4.9/libgcc.a(unwind-arm.o)
 .debug_aranges
                0x0000000000000140       0x20 /Users/a.baskakov/android-ndk-r10e/toolchains/arm-linux-androideabi-4.9/prebuilt/darwin-x86_64/bin/../lib/gcc/arm-linux-androideabi/4.9/libgcc.a(libunwind.o)
 .debug_aranges
                0x0000000000000160       0x20 /Users/a.baskakov/android-ndk-r10e/toolchains/arm-linux-androideabi-4.9/prebuilt/darwin-x86_64/bin/../lib/gcc/arm-linux-androideabi/4.9/libgcc.a(pr-support.o)
 .debug_aranges
                0x0000000000000180       0x20 /Users/a.baskakov/android-ndk-r10e/toolchains/arm-linux-androideabi-4.9/prebuilt/darwin-x86_64/bin/../lib/gcc/arm-linux-androideabi/4.9/libgcc.a(_divdi3.o)
 .debug_aranges
                0x00000000000001a0       0x20 /Users/a.baskakov/android-ndk-r10e/toolchains/arm-linux-androideabi-4.9/prebuilt/darwin-x86_64/bin/../lib/gcc/arm-linux-androideabi/4.9/libgcc.a(_udivdi3.o)
 .debug_aranges
                0x00000000000001c0       0x20 /Users/a.baskakov/android-ndk-r10e/toolchains/arm-linux-androideabi-4.9/prebuilt/darwin-x86_64/bin/../lib/gcc/arm-linux-androideabi/4.9/libgcc.a(_lshrdi3.o)
 .debug_aranges
                0x00000000000001e0       0x20 /Users/a.baskakov/android-ndk-r10e/toolchains/arm-linux-androideabi-4.9/prebuilt/darwin-x86_64/bin/../lib/gcc/arm-linux-androideabi/4.9/libgcc.a(_ashldi3.o)

.debug_pubnames
 *(.debug_pubnames)

.debug_info     0x0000000000000000     0x9074
 *(.debug_info .gnu.linkonce.wi.*)
 .debug_info    0x0000000000000000     0x5d6c debug/FlyMob_platform.os
 .debug_info    0x0000000000005d6c      0x262 debug/FlyMob.os
 .debug_info    0x0000000000005fce      0x2b7 debug/FlyMob_register.os
 .debug_info    0x0000000000006285       0xbd /Users/a.baskakov/android-ndk-r10e/toolchains/arm-linux-androideabi-4.9/prebuilt/darwin-x86_64/bin/../lib/gcc/arm-linux-androideabi/4.9/libgcc.a(_aeabi_ldivmod.o)
 .debug_info    0x0000000000006342       0xc1 /Users/a.baskakov/android-ndk-r10e/toolchains/arm-linux-androideabi-4.9/prebuilt/darwin-x86_64/bin/../lib/gcc/arm-linux-androideabi/4.9/libgcc.a(_dvmd_lnx.o)
 .debug_info    0x0000000000006403      0x160 /Users/a.baskakov/android-ndk-r10e/toolchains/arm-linux-androideabi-4.9/prebuilt/darwin-x86_64/bin/../lib/gcc/arm-linux-androideabi/4.9/libgcc.a(bpabi.o)
 .debug_info    0x0000000000006563     0x1bbc /Users/a.baskakov/android-ndk-r10e/toolchains/arm-linux-androideabi-4.9/prebuilt/darwin-x86_64/bin/../lib/gcc/arm-linux-androideabi/4.9/libgcc.a(unwind-arm.o)
 .debug_info    0x000000000000811f       0xc1 /Users/a.baskakov/android-ndk-r10e/toolchains/arm-linux-androideabi-4.9/prebuilt/darwin-x86_64/bin/../lib/gcc/arm-linux-androideabi/4.9/libgcc.a(libunwind.o)
 .debug_info    0x00000000000081e0      0x8af /Users/a.baskakov/android-ndk-r10e/toolchains/arm-linux-androideabi-4.9/prebuilt/darwin-x86_64/bin/../lib/gcc/arm-linux-androideabi/4.9/libgcc.a(pr-support.o)
 .debug_info    0x0000000000008a8f      0x287 /Users/a.baskakov/android-ndk-r10e/toolchains/arm-linux-androideabi-4.9/prebuilt/darwin-x86_64/bin/../lib/gcc/arm-linux-androideabi/4.9/libgcc.a(_divdi3.o)
 .debug_info    0x0000000000008d16      0x1dc /Users/a.baskakov/android-ndk-r10e/toolchains/arm-linux-androideabi-4.9/prebuilt/darwin-x86_64/bin/../lib/gcc/arm-linux-androideabi/4.9/libgcc.a(_udivdi3.o)
 .debug_info    0x0000000000008ef2       0xc1 /Users/a.baskakov/android-ndk-r10e/toolchains/arm-linux-androideabi-4.9/prebuilt/darwin-x86_64/bin/../lib/gcc/arm-linux-androideabi/4.9/libgcc.a(_lshrdi3.o)
 .debug_info    0x0000000000008fb3       0xc1 /Users/a.baskakov/android-ndk-r10e/toolchains/arm-linux-androideabi-4.9/prebuilt/darwin-x86_64/bin/../lib/gcc/arm-linux-androideabi/4.9/libgcc.a(_ashldi3.o)

.debug_abbrev   0x0000000000000000      0xe52
 *(.debug_abbrev)
 .debug_abbrev  0x0000000000000000      0x29f debug/FlyMob_platform.os
 .debug_abbrev  0x000000000000029f       0xdb debug/FlyMob.os
 .debug_abbrev  0x000000000000037a      0x10b debug/FlyMob_register.os
 .debug_abbrev  0x0000000000000485       0x14 /Users/a.baskakov/android-ndk-r10e/toolchains/arm-linux-androideabi-4.9/prebuilt/darwin-x86_64/bin/../lib/gcc/arm-linux-androideabi/4.9/libgcc.a(_aeabi_ldivmod.o)
 .debug_abbrev  0x0000000000000499       0x14 /Users/a.baskakov/android-ndk-r10e/toolchains/arm-linux-androideabi-4.9/prebuilt/darwin-x86_64/bin/../lib/gcc/arm-linux-androideabi/4.9/libgcc.a(_dvmd_lnx.o)
 .debug_abbrev  0x00000000000004ad       0xb5 /Users/a.baskakov/android-ndk-r10e/toolchains/arm-linux-androideabi-4.9/prebuilt/darwin-x86_64/bin/../lib/gcc/arm-linux-androideabi/4.9/libgcc.a(bpabi.o)
 .debug_abbrev  0x0000000000000562      0x413 /Users/a.baskakov/android-ndk-r10e/toolchains/arm-linux-androideabi-4.9/prebuilt/darwin-x86_64/bin/../lib/gcc/arm-linux-androideabi/4.9/libgcc.a(unwind-arm.o)
 .debug_abbrev  0x0000000000000975       0x14 /Users/a.baskakov/android-ndk-r10e/toolchains/arm-linux-androideabi-4.9/prebuilt/darwin-x86_64/bin/../lib/gcc/arm-linux-androideabi/4.9/libgcc.a(libunwind.o)
 .debug_abbrev  0x0000000000000989      0x275 /Users/a.baskakov/android-ndk-r10e/toolchains/arm-linux-androideabi-4.9/prebuilt/darwin-x86_64/bin/../lib/gcc/arm-linux-androideabi/4.9/libgcc.a(pr-support.o)
 .debug_abbrev  0x0000000000000bfe      0x144 /Users/a.baskakov/android-ndk-r10e/toolchains/arm-linux-androideabi-4.9/prebuilt/darwin-x86_64/bin/../lib/gcc/arm-linux-androideabi/4.9/libgcc.a(_divdi3.o)
 .debug_abbrev  0x0000000000000d42       0xe8 /Users/a.baskakov/android-ndk-r10e/toolchains/arm-linux-androideabi-4.9/prebuilt/darwin-x86_64/bin/../lib/gcc/arm-linux-androideabi/4.9/libgcc.a(_udivdi3.o)
 .debug_abbrev  0x0000000000000e2a       0x14 /Users/a.baskakov/android-ndk-r10e/toolchains/arm-linux-androideabi-4.9/prebuilt/darwin-x86_64/bin/../lib/gcc/arm-linux-androideabi/4.9/libgcc.a(_lshrdi3.o)
 .debug_abbrev  0x0000000000000e3e       0x14 /Users/a.baskakov/android-ndk-r10e/toolchains/arm-linux-androideabi-4.9/prebuilt/darwin-x86_64/bin/../lib/gcc/arm-linux-androideabi/4.9/libgcc.a(_ashldi3.o)

.debug_line     0x0000000000000000     0x1254
 *(.debug_line .debug_line.* .debug_line_end)
 .debug_line    0x0000000000000000      0x37a debug/FlyMob_platform.os
 .debug_line    0x000000000000037a       0xe7 debug/FlyMob.os
 .debug_line    0x0000000000000461      0x22a debug/FlyMob_register.os
 .debug_line    0x000000000000068b       0x7c /Users/a.baskakov/android-ndk-r10e/toolchains/arm-linux-androideabi-4.9/prebuilt/darwin-x86_64/bin/../lib/gcc/arm-linux-androideabi/4.9/libgcc.a(_aeabi_ldivmod.o)
 .debug_line    0x0000000000000707       0x7b /Users/a.baskakov/android-ndk-r10e/toolchains/arm-linux-androideabi-4.9/prebuilt/darwin-x86_64/bin/../lib/gcc/arm-linux-androideabi/4.9/libgcc.a(_dvmd_lnx.o)
 .debug_line    0x0000000000000782       0x7c /Users/a.baskakov/android-ndk-r10e/toolchains/arm-linux-androideabi-4.9/prebuilt/darwin-x86_64/bin/../lib/gcc/arm-linux-androideabi/4.9/libgcc.a(bpabi.o)
 .debug_line    0x00000000000007fe      0x516 /Users/a.baskakov/android-ndk-r10e/toolchains/arm-linux-androideabi-4.9/prebuilt/darwin-x86_64/bin/../lib/gcc/arm-linux-androideabi/4.9/libgcc.a(unwind-arm.o)
 .debug_line    0x0000000000000d14       0xc5 /Users/a.baskakov/android-ndk-r10e/toolchains/arm-linux-androideabi-4.9/prebuilt/darwin-x86_64/bin/../lib/gcc/arm-linux-androideabi/4.9/libgcc.a(libunwind.o)
 .debug_line    0x0000000000000dd9      0x194 /Users/a.baskakov/android-ndk-r10e/toolchains/arm-linux-androideabi-4.9/prebuilt/darwin-x86_64/bin/../lib/gcc/arm-linux-androideabi/4.9/libgcc.a(pr-support.o)
 .debug_line    0x0000000000000f6d       0xf9 /Users/a.baskakov/android-ndk-r10e/toolchains/arm-linux-androideabi-4.9/prebuilt/darwin-x86_64/bin/../lib/gcc/arm-linux-androideabi/4.9/libgcc.a(_divdi3.o)
 .debug_line    0x0000000000001066       0xf2 /Users/a.baskakov/android-ndk-r10e/toolchains/arm-linux-androideabi-4.9/prebuilt/darwin-x86_64/bin/../lib/gcc/arm-linux-androideabi/4.9/libgcc.a(_udivdi3.o)
 .debug_line    0x0000000000001158       0x7e /Users/a.baskakov/android-ndk-r10e/toolchains/arm-linux-androideabi-4.9/prebuilt/darwin-x86_64/bin/../lib/gcc/arm-linux-androideabi/4.9/libgcc.a(_lshrdi3.o)
 .debug_line    0x00000000000011d6       0x7e /Users/a.baskakov/android-ndk-r10e/toolchains/arm-linux-androideabi-4.9/prebuilt/darwin-x86_64/bin/../lib/gcc/arm-linux-androideabi/4.9/libgcc.a(_ashldi3.o)

.debug_frame    0x0000000000000000      0xc30
 *(.debug_frame)
 .debug_frame   0x0000000000000000      0x3e0 debug/FlyMob_platform.os
 .debug_frame   0x00000000000003e0      0x1d8 debug/FlyMob.os
 .debug_frame   0x00000000000005b8      0x1f8 debug/FlyMob_register.os
 .debug_frame   0x00000000000007b0       0x28 /Users/a.baskakov/android-ndk-r10e/toolchains/arm-linux-androideabi-4.9/prebuilt/darwin-x86_64/bin/../lib/gcc/arm-linux-androideabi/4.9/libgcc.a(_aeabi_ldivmod.o)
 .debug_frame   0x00000000000007d8       0x54 /Users/a.baskakov/android-ndk-r10e/toolchains/arm-linux-androideabi-4.9/prebuilt/darwin-x86_64/bin/../lib/gcc/arm-linux-androideabi/4.9/libgcc.a(bpabi.o)
 .debug_frame   0x000000000000082c      0x2ac /Users/a.baskakov/android-ndk-r10e/toolchains/arm-linux-androideabi-4.9/prebuilt/darwin-x86_64/bin/../lib/gcc/arm-linux-androideabi/4.9/libgcc.a(unwind-arm.o)
 .debug_frame   0x0000000000000ad8       0xe8 /Users/a.baskakov/android-ndk-r10e/toolchains/arm-linux-androideabi-4.9/prebuilt/darwin-x86_64/bin/../lib/gcc/arm-linux-androideabi/4.9/libgcc.a(pr-support.o)
 .debug_frame   0x0000000000000bc0       0x38 /Users/a.baskakov/android-ndk-r10e/toolchains/arm-linux-androideabi-4.9/prebuilt/darwin-x86_64/bin/../lib/gcc/arm-linux-androideabi/4.9/libgcc.a(_divdi3.o)
 .debug_frame   0x0000000000000bf8       0x38 /Users/a.baskakov/android-ndk-r10e/toolchains/arm-linux-androideabi-4.9/prebuilt/darwin-x86_64/bin/../lib/gcc/arm-linux-androideabi/4.9/libgcc.a(_udivdi3.o)

.debug_str      0x0000000000000000     0x6041
 *(.debug_str)
 .debug_str     0x0000000000000000     0x4ee9 debug/FlyMob_platform.os
                                       0x5073 (size before relaxing)
 .debug_str     0x0000000000004ee9       0x8a debug/FlyMob.os
                                        0x423 (size before relaxing)
 .debug_str     0x0000000000004f73      0x270 debug/FlyMob_register.os
                                        0x4cf (size before relaxing)
 .debug_str     0x00000000000051e3      0x171 /Users/a.baskakov/android-ndk-r10e/toolchains/arm-linux-androideabi-4.9/prebuilt/darwin-x86_64/bin/../lib/gcc/arm-linux-androideabi/4.9/libgcc.a(bpabi.o)
                                        0x196 (size before relaxing)
 .debug_str     0x0000000000005354      0xb71 /Users/a.baskakov/android-ndk-r10e/toolchains/arm-linux-androideabi-4.9/prebuilt/darwin-x86_64/bin/../lib/gcc/arm-linux-androideabi/4.9/libgcc.a(unwind-arm.o)
                                        0xc8b (size before relaxing)
 .debug_str     0x0000000000005ec5       0xf1 /Users/a.baskakov/android-ndk-r10e/toolchains/arm-linux-androideabi-4.9/prebuilt/darwin-x86_64/bin/../lib/gcc/arm-linux-androideabi/4.9/libgcc.a(pr-support.o)
                                        0x592 (size before relaxing)
 .debug_str     0x0000000000005fb6       0x8b /Users/a.baskakov/android-ndk-r10e/toolchains/arm-linux-androideabi-4.9/prebuilt/darwin-x86_64/bin/../lib/gcc/arm-linux-androideabi/4.9/libgcc.a(_divdi3.o)
                                        0x293 (size before relaxing)
 .debug_str     0x0000000000006041      0x270 /Users/a.baskakov/android-ndk-r10e/toolchains/arm-linux-androideabi-4.9/prebuilt/darwin-x86_64/bin/../lib/gcc/arm-linux-androideabi/4.9/libgcc.a(_udivdi3.o)

.debug_loc      0x0000000000000000     0x206f
 *(.debug_loc)
 .debug_loc     0x0000000000000000       0xa0 /Users/a.baskakov/android-ndk-r10e/toolchains/arm-linux-androideabi-4.9/prebuilt/darwin-x86_64/bin/../lib/gcc/arm-linux-androideabi/4.9/libgcc.a(bpabi.o)
 .debug_loc     0x00000000000000a0     0x15b9 /Users/a.baskakov/android-ndk-r10e/toolchains/arm-linux-androideabi-4.9/prebuilt/darwin-x86_64/bin/../lib/gcc/arm-linux-androideabi/4.9/libgcc.a(unwind-arm.o)
 .debug_loc     0x0000000000001659      0x52f /Users/a.baskakov/android-ndk-r10e/toolchains/arm-linux-androideabi-4.9/prebuilt/darwin-x86_64/bin/../lib/gcc/arm-linux-androideabi/4.9/libgcc.a(pr-support.o)
 .debug_loc     0x0000000000001b88      0x294 /Users/a.baskakov/android-ndk-r10e/toolchains/arm-linux-androideabi-4.9/prebuilt/darwin-x86_64/bin/../lib/gcc/arm-linux-androideabi/4.9/libgcc.a(_divdi3.o)
 .debug_loc     0x0000000000001e1c      0x253 /Users/a.baskakov/android-ndk-r10e/toolchains/arm-linux-androideabi-4.9/prebuilt/darwin-x86_64/bin/../lib/gcc/arm-linux-androideabi/4.9/libgcc.a(_udivdi3.o)

.debug_macinfo
 *(.debug_macinfo)

.debug_weaknames
 *(.debug_weaknames)

.debug_funcnames
 *(.debug_funcnames)

.debug_typenames
 *(.debug_typenames)

.debug_varnames
 *(.debug_varnames)

.debug_pubtypes
 *(.debug_pubtypes)

.debug_ranges   0x0000000000000000      0x188
 *(.debug_ranges)
 .debug_ranges  0x0000000000000000       0x70 debug/FlyMob_platform.os
 .debug_ranges  0x0000000000000070       0xb0 /Users/a.baskakov/android-ndk-r10e/toolchains/arm-linux-androideabi-4.9/prebuilt/darwin-x86_64/bin/../lib/gcc/arm-linux-androideabi/4.9/libgcc.a(unwind-arm.o)
 .debug_ranges  0x0000000000000120       0x30 /Users/a.baskakov/android-ndk-r10e/toolchains/arm-linux-androideabi-4.9/prebuilt/darwin-x86_64/bin/../lib/gcc/arm-linux-androideabi/4.9/libgcc.a(pr-support.o)
 .debug_ranges  0x0000000000000150       0x18 /Users/a.baskakov/android-ndk-r10e/toolchains/arm-linux-androideabi-4.9/prebuilt/darwin-x86_64/bin/../lib/gcc/arm-linux-androideabi/4.9/libgcc.a(_divdi3.o)
 .debug_ranges  0x0000000000000168       0x20 /Users/a.baskakov/android-ndk-r10e/toolchains/arm-linux-androideabi-4.9/prebuilt/darwin-x86_64/bin/../lib/gcc/arm-linux-androideabi/4.9/libgcc.a(_udivdi3.o)

.debug_macro
 *(.debug_macro)

.gnu.attributes
 *(.gnu.attributes)

.note.gnu.arm.ident
 *(.note.gnu.arm.ident)

/DISCARD/
 *(.note.GNU-stack)
 *(.gnu_debuglink)
 *(.gnu.lto_*)
 *(.mdebug.*)
OUTPUT(/Users/a.baskakov/Documents/Marmalade-Extension/lib/android/libFlyMob_d.so elf32-littlearm)
